Component: ARM Compiler 5.06 update 4 (build 422) Tool: armlink [4d35d2]

==============================================================================

Section Cross References

    startup_stm32f401xe.o(STACK) refers (Special) to heapauxi.o(.text) for __use_two_region_memory
    startup_stm32f401xe.o(HEAP) refers (Special) to heapauxi.o(.text) for __use_two_region_memory
    startup_stm32f401xe.o(RESET) refers (Special) to heapauxi.o(.text) for __use_two_region_memory
    startup_stm32f401xe.o(RESET) refers to startup_stm32f401xe.o(STACK) for __initial_sp
    startup_stm32f401xe.o(RESET) refers to startup_stm32f401xe.o(.text) for Reset_Handler
    startup_stm32f401xe.o(RESET) refers to stm32f4xx_it.o(i.NMI_Handler) for NMI_Handler
    startup_stm32f401xe.o(RESET) refers to stm32f4xx_it.o(i.HardFault_Handler) for HardFault_Handler
    startup_stm32f401xe.o(RESET) refers to stm32f4xx_it.o(i.MemManage_Handler) for MemManage_Handler
    startup_stm32f401xe.o(RESET) refers to stm32f4xx_it.o(i.BusFault_Handler) for BusFault_Handler
    startup_stm32f401xe.o(RESET) refers to stm32f4xx_it.o(i.UsageFault_Handler) for UsageFault_Handler
    startup_stm32f401xe.o(RESET) refers to stm32f4xx_it.o(i.SVC_Handler) for SVC_Handler
    startup_stm32f401xe.o(RESET) refers to stm32f4xx_it.o(i.DebugMon_Handler) for DebugMon_Handler
    startup_stm32f401xe.o(RESET) refers to stm32f4xx_it.o(i.PendSV_Handler) for PendSV_Handler
    startup_stm32f401xe.o(RESET) refers to stm32f4xx_it.o(i.SysTick_Handler) for SysTick_Handler
    startup_stm32f401xe.o(RESET) refers to io.o(i.TIM2_IRQHandler) for TIM2_IRQHandler
    startup_stm32f401xe.o(RESET) refers to lcd.o(i.SPI1_IRQHandler) for SPI1_IRQHandler
    startup_stm32f401xe.o(RESET) refers to io.o(i.TIM5_IRQHandler) for TIM5_IRQHandler
    startup_stm32f401xe.o(.text) refers (Special) to heapauxi.o(.text) for __use_two_region_memory
    startup_stm32f401xe.o(.text) refers to system_stm32f4xx.o(i.SystemInit) for SystemInit
    startup_stm32f401xe.o(.text) refers to __main.o(!!!main) for __main
    startup_stm32f401xe.o(.text) refers to startup_stm32f401xe.o(HEAP) for Heap_Mem
    startup_stm32f401xe.o(.text) refers to startup_stm32f401xe.o(STACK) for Stack_Mem
    stm32f4xx_ll_utils.o(i.LL_PLL_ConfigSystemClock_HSE) refers to stm32f4xx_ll_utils.o(i.UTILS_PLL_IsBusy) for UTILS_PLL_IsBusy
    stm32f4xx_ll_utils.o(i.LL_PLL_ConfigSystemClock_HSE) refers to stm32f4xx_ll_utils.o(i.UTILS_GetPLLOutputFrequency) for UTILS_GetPLLOutputFrequency
    stm32f4xx_ll_utils.o(i.LL_PLL_ConfigSystemClock_HSE) refers to stm32f4xx_ll_utils.o(i.LL_RCC_HSE_IsReady) for LL_RCC_HSE_IsReady
    stm32f4xx_ll_utils.o(i.LL_PLL_ConfigSystemClock_HSE) refers to stm32f4xx_ll_utils.o(i.LL_RCC_PLL_ConfigDomain_SYS) for LL_RCC_PLL_ConfigDomain_SYS
    stm32f4xx_ll_utils.o(i.LL_PLL_ConfigSystemClock_HSE) refers to stm32f4xx_ll_utils.o(i.UTILS_EnablePLLAndSwitchSystem) for UTILS_EnablePLLAndSwitchSystem
    stm32f4xx_ll_utils.o(i.LL_PLL_ConfigSystemClock_HSI) refers to stm32f4xx_ll_utils.o(i.UTILS_PLL_IsBusy) for UTILS_PLL_IsBusy
    stm32f4xx_ll_utils.o(i.LL_PLL_ConfigSystemClock_HSI) refers to stm32f4xx_ll_utils.o(i.UTILS_GetPLLOutputFrequency) for UTILS_GetPLLOutputFrequency
    stm32f4xx_ll_utils.o(i.LL_PLL_ConfigSystemClock_HSI) refers to stm32f4xx_ll_utils.o(i.LL_RCC_HSI_IsReady) for LL_RCC_HSI_IsReady
    stm32f4xx_ll_utils.o(i.LL_PLL_ConfigSystemClock_HSI) refers to stm32f4xx_ll_utils.o(i.LL_RCC_PLL_ConfigDomain_SYS) for LL_RCC_PLL_ConfigDomain_SYS
    stm32f4xx_ll_utils.o(i.LL_PLL_ConfigSystemClock_HSI) refers to stm32f4xx_ll_utils.o(i.UTILS_EnablePLLAndSwitchSystem) for UTILS_EnablePLLAndSwitchSystem
    stm32f4xx_ll_utils.o(i.LL_SetSystemCoreClock) refers to system_stm32f4xx.o(.data) for SystemCoreClock
    stm32f4xx_ll_utils.o(i.UTILS_EnablePLLAndSwitchSystem) refers to stm32f4xx_ll_utils.o(i.UTILS_SetFlashLatency) for UTILS_SetFlashLatency
    stm32f4xx_ll_utils.o(i.UTILS_EnablePLLAndSwitchSystem) refers to stm32f4xx_ll_utils.o(i.LL_RCC_PLL_IsReady) for LL_RCC_PLL_IsReady
    stm32f4xx_ll_utils.o(i.UTILS_EnablePLLAndSwitchSystem) refers to stm32f4xx_ll_utils.o(i.LL_SetSystemCoreClock) for LL_SetSystemCoreClock
    stm32f4xx_ll_utils.o(i.UTILS_EnablePLLAndSwitchSystem) refers to system_stm32f4xx.o(.constdata) for AHBPrescTable
    stm32f4xx_ll_utils.o(i.UTILS_EnablePLLAndSwitchSystem) refers to system_stm32f4xx.o(.data) for SystemCoreClock
    stm32f4xx_ll_utils.o(i.UTILS_PLL_IsBusy) refers to stm32f4xx_ll_utils.o(i.LL_RCC_PLL_IsReady) for LL_RCC_PLL_IsReady
    system_stm32f4xx.o(i.SystemCoreClockUpdate) refers to system_stm32f4xx.o(.data) for SystemCoreClock
    system_stm32f4xx.o(i.SystemCoreClockUpdate) refers to system_stm32f4xx.o(.constdata) for AHBPrescTable
    io.o(i.IO_Output_init) refers to io.o(i.LL_GPIO_SetPinMode) for LL_GPIO_SetPinMode
    io.o(i.IO_Output_init) refers to io.o(i.LL_GPIO_SetPinSpeed) for LL_GPIO_SetPinSpeed
[...]
    ../clib/heap1.c                          0x00000000   Number         0  h1_free.o ABSOLUTE
    ../clib/heap1.c                          0x00000000   Number         0  h1_init_mt.o ABSOLUTE
    ../clib/heap1.c                          0x00000000   Number         0  h1_extend_mt.o ABSOLUTE
    ../clib/heap1.c                          0x00000000   Number         0  h1_free_mt.o ABSOLUTE
    ../clib/heap1.c                          0x00000000   Number         0  h1_extend.o ABSOLUTE
    ../clib/heap1.c                          0x00000000   Number         0  h1_final_mt.o ABSOLUTE
    ../clib/heap1.c                          0x00000000   Number         0  h1_final.o ABSOLUTE
    ../clib/heap1.c                          0x00000000   Number         0  h1_alloc.o ABSOLUTE
    ../clib/heap1.c                          0x00000000   Number         0  h1_alloc_mt.o ABSOLUTE
    ../clib/heap1.c                          0x00000000   Number         0  h1_init.o ABSOLUTE
    ../clib/heap2.c                          0x00000000   Number         0  heap2.o ABSOLUTE
    ../clib/heap2.c                          0x00000000   Number         0  heap2mt.o ABSOLUTE
    ../clib/heap2.c                          0x00000000   Number         0  fdtree.o ABSOLUTE
    ../clib/heapalloc.c                      0x00000000   Number         0  heapstubs.o ABSOLUTE
    ../clib/heapalloc.c                      0x00000000   Number         0  term_alloc.o ABSOLUTE
    ../clib/heapalloc.c                      0x00000000   Number         0  malloc.o ABSOLUTE
    ../clib/heapalloc.c                      0x00000000   Number         0  free.o ABSOLUTE
    ../clib/heapalloc.c                      0x00000000   Number         0  init_alloc.o ABSOLUTE
    ../clib/heapalloc.c                      0x00000000   Number         0  maybetermalloc2.o ABSOLUTE
    ../clib/heapalloc.c                      0x00000000   Number         0  maybetermalloc2.o ABSOLUTE
    ../clib/heapalloc.c                      0x00000000   Number         0  maybetermalloc1.o ABSOLUTE
    ../clib/heapalloc.c                      0x00000000   Number         0  maybetermalloc1.o ABSOLUTE
    ../clib/heapalloc.c                      0x00000000   Number         0  hrguard.o ABSOLUTE
    ../clib/heapalloc.c                      0x00000000   Number         0  hguard.o ABSOLUTE
    ../clib/heapaux.c                        0x00000000   Number         0  heapauxi.o ABSOLUTE
    ../clib/heapaux.c                        0x00000000   Number         0  heapauxa.o ABSOLUTE
    ../clib/libinit.s                        0x00000000   Number         0  libshutdown2.o ABSOLUTE
    ../clib/libinit.s                        0x00000000   Number         0  libinit.o ABSOLUTE
    ../clib/libinit.s                        0x00000000   Number         0  libshutdown.o ABSOLUTE
    ../clib/libinit.s                        0x00000000   Number         0  libinit2.o ABSOLUTE
    ../clib/locale.c                         0x00000000   Number         0  _wcrtomb.o ABSOLUTE
    ../clib/locale.s                         0x00000000   Number         0  lc_numeric_c.o ABSOLUTE
    ../clib/locale.s                         0x00000000   Number         0  lc_ctype_c.o ABSOLUTE
    ../clib/longlong.s                       0x00000000   Number         0  lludiv10.o ABSOLUTE
    ../clib/memcpset.s                       0x00000000   Number         0  rt_memclr_w.o ABSOLUTE
    ../clib/memcpset.s                       0x00000000   Number         0  rt_memcpy_w.o ABSOLUTE
    ../clib/memcpset.s                       0x00000000   Number         0  strcmpv7m.o ABSOLUTE
    ../clib/misc.s                           0x00000000   Number         0  printf_stubs.o ABSOLUTE
    ../clib/printf.c                         0x00000000   Number         0  __printf_nopercent.o ABSOLUTE
    ../clib/printf.c                         0x00000000   Number         0  _printf_fp_hex.o ABSOLUTE
    ../clib/printf.c                         0x00000000   Number         0  _printf_fp_dec.o ABSOLUTE
    ../clib/printf.c                         0x00000000   Number         0  __printf_ss_wp.o ABSOLUTE
    ../clib/printf.c                         0x00000000   Number         0  __printf_flags_wp.o ABSOLUTE
    ../clib/printf.c                         0x00000000   Number         0  _printf_oct_ll.o ABSOLUTE
    ../clib/printf.c                         0x00000000   Number         0  __printf_wp.o ABSOLUTE
    ../clib/printf.c                         0x00000000   Number         0  __printf_flags_ss.o ABSOLUTE
    ../clib/printf.c                         0x00000000   Number         0  __printf_ss.o ABSOLUTE
    ../clib/printf.c                         0x00000000   Number         0  __printf_flags.o ABSOLUTE
    ../clib/printf.c                         0x00000000   Number         0  _printf_oct_int.o ABSOLUTE
    ../clib/printf.c                         0x00000000   Number         0  _printf_dec.o ABSOLUTE
    ../clib/printf.c                         0x00000000   Number         0  _printf_pad.o ABSOLUTE
    ../clib/printf.c                         0x00000000   Number         0  __printf.o ABSOLUTE
    ../clib/printf.c                         0x00000000   Number         0  noretval__2sprintf.o ABSOLUTE
    ../clib/printf.c                         0x00000000   Number         0  __2sprintf.o ABSOLUTE
    ../clib/printf.c                         0x00000000   Number         0  _printf_fp_infnan.o ABSOLUTE
    ../clib/printf.c                         0x00000000   Number         0  _printf_oct_int_ll.o ABSOLUTE
    ../clib/printf.c                         0x00000000   Number         0  _printf_hex_ll.o ABSOLUTE
    ../clib/printf.c                         0x00000000   Number         0  _printf_hex_int.o ABSOLUTE
    ../clib/printf.c                         0x00000000   Number         0  _printf_hex_int_ll.o ABSOLUTE
    ../clib/printf.c                         0x00000000   Number         0  _printf_hex_ptr.o ABSOLUTE
    ../clib/printf.c                         0x00000000   Number         0  _printf_hex_int_ptr.o ABSOLUTE
    ../clib/printf.c                         0x00000000   Number         0  _printf_hex_ll_ptr.o ABSOLUTE
    ../clib/printf.c                         0x00000000   Number         0  _printf_hex_int_ll_ptr.o ABSOLUTE
    ../clib/printf.c                         0x00000000   Number         0  _printf_charcount.o ABSOLUTE
    ../clib/printf.c                         0x00000000   Number         0  _printf_str.o ABSOLUTE
    ../clib/printf.c                         0x00000000   Number         0  _printf_truncate.o ABSOLUTE
    ../clib/printf.c                         0x00000000   Number         0  vsprintf.o ABSOLUTE
    ../clib/printf.c                         0x00000000   Number         0  _printf_char_common.o ABSOLUTE
    ../clib/printf.c                         0x00000000   Number         0  _sputc.o ABSOLUTE
    ../clib/printf.c                         0x00000000   Number         0  _printf_wctomb.o ABSOLUTE
    ../clib/printf.c                         0x00000000   Number         0  _printf_longlong_dec.o ABSOLUTE
    ../clib/printf.c                         0x00000000   Number         0  __printf_flags_ss_wp.o ABSOLUTE
    ../clib/printf.c                         0x00000000   Number         0  _printf_intcommon.o ABSOLUTE
    ../clib/printf.c                         0x00000000   Number         0  _printf_wchar.o ABSOLUTE
    ../clib/printf.c                         0x00000000   Number         0  _printf_char.o ABSOLUTE
    ../clib/printf_percent.s                 0x00000000   Number         0  _printf_llo.o ABSOLUTE
    ../clib/printf_percent.s                 0x00000000   Number         0  _printf_ls.o ABSOLUTE
    ../clib/printf_percent.s                 0x00000000   Number         0  _printf_lc.o ABSOLUTE
    ../clib/printf_percent.s                 0x00000000   Number         0  _printf_l.o ABSOLUTE
    ../clib/printf_percent.s                 0x00000000   Number         0  _printf_ll.o ABSOLUTE
    ../clib/printf_percent.s                 0x00000000   Number         0  _printf_p.o ABSOLUTE
    ../clib/printf_percent.s                 0x00000000   Number         0  _printf_o.o ABSOLUTE
    ../clib/printf_percent.s                 0x00000000   Number         0  _printf_llu.o ABSOLUTE
    ../clib/printf_percent.s                 0x00000000   Number         0  _printf_lld.o ABSOLUTE
    ../clib/printf_percent.s                 0x00000000   Number         0  _printf_lli.o ABSOLUTE
    ../clib/printf_percent.s                 0x00000000   Number         0  _printf_i.o ABSOLUTE
    ../clib/printf_percent.s                 0x00000000   Number         0  _printf_percent_end.o ABSOLUTE
    ../clib/printf_percent.s                 0x00000000   Number         0  _printf_a.o ABSOLUTE
    ../clib/printf_percent.s                 0x00000000   Number         0  _printf_e.o ABSOLUTE
    ../clib/printf_percent.s                 0x00000000   Number         0  _printf_f.o ABSOLUTE
    ../clib/printf_percent.s                 0x00000000   Number         0  _printf_u.o ABSOLUTE
    ../clib/printf_percent.s                 0x00000000   Number         0  _printf_x.o ABSOLUTE
    ../clib/printf_percent.s                 0x00000000   Number         0  _printf_g.o ABSOLUTE
    ../clib/printf_percent.s                 0x00000000   Number         0  _printf_n.o ABSOLUTE
    ../clib/printf_percent.s                 0x00000000   Number         0  _printf_s.o ABSOLUTE
    ../clib/printf_percent.s                 0x00000000   Number         0  _printf_c.o ABSOLUTE
    ../clib/printf_percent.s                 0x00000000   Number         0  _printf_percent.o ABSOLUTE
    ../clib/printf_percent.s                 0x00000000   Number         0  _printf_d.o ABSOLUTE
    ../clib/printf_percent.s                 0x00000000   Number         0  _printf_llx.o ABSOLUTE
    ../clib/signal.c                         0x00000000   Number         0  defsig_stak_inner.o ABSOLUTE
    ../clib/signal.c                         0x00000000   Number         0  defsig_cppl_inner.o ABSOLUTE
    ../clib/signal.c                         0x00000000   Number         0  defsig_segv_inner.o ABSOLUTE
    ../clib/signal.c                         0x00000000   Number         0  defsig_other.o ABSOLUTE
    ../clib/signal.c                         0x00000000   Number         0  defsig_general.o ABSOLUTE
    ../clib/signal.c                         0x00000000   Number         0  defsig_rtmem_outer.o ABSOLUTE
    ../clib/signal.c                         0x00000000   Number         0  defsig_rtmem_formal.o ABSOLUTE
    ../clib/signal.c                         0x00000000   Number         0  defsig_exit.o ABSOLUTE
    ../clib/signal.c                         0x00000000   Number         0  defsig_rtmem_inner.o ABSOLUTE
    ../clib/signal.c                         0x00000000   Number         0  defsig_pvfn_inner.o ABSOLUTE
    ../clib/signal.c                         0x00000000   Number         0  __raise.o ABSOLUTE
    ../clib/signal.c                         0x00000000   Number         0  defsig_abrt_inner.o ABSOLUTE
    ../clib/signal.c                         0x00000000   Number         0  defsig_fpe_inner.o ABSOLUTE
    ../clib/signal.c                         0x00000000   Number         0  defsig_rtred_inner.o ABSOLUTE
    ../clib/signal.s                         0x00000000   Number         0  defsig.o ABSOLUTE
    ../clib/stdlib.c                         0x00000000   Number         0  exit.o ABSOLUTE
    ../clib/string.c                         0x00000000   Number         0  strlen.o ABSOLUTE
    ../fplib/d2f.s                           0x00000000   Number         0  d2f.o ABSOLUTE
    ../fplib/daddsub.s                       0x00000000   Number         0  daddsub_clz.o ABSOLUTE
    ../fplib/dcmpi.s                         0x00000000   Number         0  dcmpi.o ABSOLUTE
    ../fplib/ddiv.s                          0x00000000   Number         0  ddiv.o ABSOLUTE
    ../fplib/dfixu.s                         0x00000000   Number         0  dfixu.o ABSOLUTE
    ../fplib/dflt.s                          0x00000000   Number         0  dflt_clz.o ABSOLUTE
    ../fplib/dleqf.s                         0x00000000   Number         0  dleqf.o ABSOLUTE
    ../fplib/dmul.s                          0x00000000   Number         0  dmul.o ABSOLUTE
    ../fplib/dnaninf.s                       0x00000000   Number         0  dnaninf.o ABSOLUTE
    ../fplib/dretinf.s                       0x00000000   Number         0  dretinf.o ABSOLUTE
    ../fplib/drleqf.s                        0x00000000   Number         0  drleqf.o ABSOLUTE
    ../fplib/f2d.s                           0x00000000   Number         0  f2d.o ABSOLUTE
    ../fplib/fnaninf.s                       0x00000000   Number         0  fnaninf.o ABSOLUTE
    ../fplib/fpinit.s                        0x00000000   Number         0  fpinit.o ABSOLUTE
    ../fplib/fretinf.s                       0x00000000   Number         0  fretinf.o ABSOLUTE
    ../fplib/istatus.s                       0x00000000   Number         0  istatus.o ABSOLUTE
    ../fplib/printf1.s                       0x00000000   Number         0  printf1.o ABSOLUTE
    ../fplib/printf2.s                       0x00000000   Number         0  printf2.o ABSOLUTE
    ../fplib/printf2a.s                      0x00000000   Number         0  printf2a.o ABSOLUTE
    ../fplib/printf2b.s                      0x00000000   Number         0  printf2b.o ABSOLUTE
    ../fplib/usenofp.s                       0x00000000   Number         0  usenofp.o ABSOLUTE
    ../mathlib/fabs.c                        0x00000000   Number         0  fabs.o ABSOLUTE
    ../mathlib/fpclassify.c                  0x00000000   Number         0  fpclassify.o ABSOLUTE
    Low_Layer_Library\\stm32f4xx_ll_utils.c  0x00000000   Number         0  stm32f4xx_ll_utils.o ABSOLUTE
    Low_Layer_Library\stm32f4xx_ll_utils.c   0x00000000   Number         0  stm32f4xx_ll_utils.o ABSOLUTE
    System_Files\\system_stm32f4xx.c         0x00000000   Number         0  system_stm32f4xx.o ABSOLUTE
    System_Files\startup_stm32f401xe.s       0x00000000   Number         0  startup_stm32f401xe.o ABSOLUTE
    System_Files\system_stm32f4xx.c          0x00000000   Number         0  system_stm32f4xx.o ABSOLUTE
    dc.s                                     0x00000000   Number         0  dc.o ABSOLUTE
    src\IO.c                                 0x00000000   Number         0  io.o ABSOLUTE
    src\LCD.c                                0x00000000   Number         0  lcd.o ABSOLUTE
    src\Motors.c                             0x00000000   Number         0  motors.o ABSOLUTE
    src\PID.c                                0x00000000   Number         0  pid.o ABSOLUTE
    src\System_Functions.c                   0x00000000   Number         0  system_functions.o ABSOLUTE
    src\USART.c                              0x00000000   Number         0  usart.o ABSOLUTE
    src\\IO.c                                0x00000000   Number         0  io.o ABSOLUTE
    src\\LCD.c                               0x00000000   Number         0  lcd.o ABSOLUTE
    src\\Motors.c                            0x00000000   Number         0  motors.o ABSOLUTE
    src\\System_Functions.c                  0x00000000   Number         0  system_functions.o ABSOLUTE
    src\\USART.c                             0x00000000   Number         0  usart.o ABSOLUTE
    src\\main.c                              0x00000000   Number         0  main.o ABSOLUTE
    src\\stm32f4xx_it.c                      0x00000000   Number         0  stm32f4xx_it.o ABSOLUTE
    src\\utils.c                             0x00000000   Number         0  utils.o ABSOLUTE
    src\main.c                               0x00000000   Number         0  main.o ABSOLUTE
    src\stm32f4xx_it.c                       0x00000000   Number         0  stm32f4xx_it.o ABSOLUTE
    src\utils.c                              0x00000000   Number         0  utils.o ABSOLUTE
    RESET                                    0x08000000   Section      404  startup_stm32f401xe.o(RESET)
    !!!main                                  0x08000194   Section        8  __main.o(!!!main)
    !!!scatter                               0x0800019c   Section       52  __scatter.o(!!!scatter)
    !!handler_copy                           0x080001d0   Section       26  __scatter_copy.o(!!handler_copy)
    !!handler_zi                             0x080001ec   Section       28  __scatter_zi.o(!!handler_zi)
    .ARM.Collect$$_printf_percent$$00000000  0x08000208   Section        0  _printf_percent.o(.ARM.Collect$$_printf_percent$$00000000)
    .ARM.Collect$$_printf_percent$$00000009  0x08000208   Section        6  _printf_d.o(.ARM.Collect$$_printf_percent$$00000009)
    .ARM.Collect$$_printf_percent$$00000017  0x0800020e   Section        4  _printf_percent_end.o(.ARM.Collect$$_printf_percent$$00000017)
    .ARM.Collect$$libinit$$00000000          0x08000212   Section        2  libinit.o(.ARM.Collect$$libinit$$00000000)
    .ARM.Collect$$libinit$$00000001          0x08000214   Section        4  libinit2.o(.ARM.Collect$$libinit$$00000001)
    .ARM.Collect$$libinit$$00000004          0x08000218   Section        0  libinit2.o(.ARM.Collect$$libinit$$00000004)
    .ARM.Collect$$libinit$$00000005          0x08000218   Section        8  libinit2.o(.ARM.Collect$$libinit$$00000005)
    .ARM.Collect$$libinit$$0000000A          0x08000220   Section        0  libinit2.o(.ARM.Collect$$libinit$$0000000A)
    .ARM.Collect$$libinit$$0000000C          0x08000220   Section        0  libinit2.o(.ARM.Collect$$libinit$$0000000C)
    .ARM.Collect$$libinit$$0000000E          0x08000220   Section        0  libinit2.o(.ARM.Collect$$libinit$$0000000E)
    .ARM.Collect$$libinit$$00000011          0x08000220   Section        0  libinit2.o(.ARM.Collect$$libinit$$00000011)
    .ARM.Collect$$libinit$$00000013          0x08000220   Section        0  libinit2.o(.ARM.Collect$$libinit$$00000013)
    .ARM.Collect$$libinit$$00000015          0x08000220   Section        0  libinit2.o(.ARM.Collect$$libinit$$00000015)
    .ARM.Collect$$libinit$$00000017          0x08000220   Section        0  libinit2.o(.ARM.Collect$$libinit$$00000017)
    .ARM.Collect$$libinit$$00000019          0x08000220   Section        0  libinit2.o(.ARM.Collect$$libinit$$00000019)
    .ARM.Collect$$libinit$$0000001B          0x08000220   Section        0  libinit2.o(.ARM.Collect$$libinit$$0000001B)
    .ARM.Collect$$libinit$$0000001D          0x08000220   Section        0  libinit2.o(.ARM.Collect$$libinit$$0000001D)
    .ARM.Collect$$libinit$$0000001F          0x08000220   Section        0  libinit2.o(.ARM.Collect$$libinit$$0000001F)
    .ARM.Collect$$libinit$$00000021          0x08000220   Section        0  libinit2.o(.ARM.Collect$$libinit$$00000021)
    .ARM.Collect$$libinit$$00000023          0x08000220   Section        0  libinit2.o(.ARM.Collect$$libinit$$00000023)
    .ARM.Collect$$libinit$$00000025          0x08000220   Section        0  libinit2.o(.ARM.Collect$$libinit$$00000025)
    .ARM.Collect$$libinit$$0000002C          0x08000220   Section        0  libinit2.o(.ARM.Collect$$libinit$$0000002C)
    .ARM.Collect$$libinit$$0000002E          0x08000220   Section        0  libinit2.o(.ARM.Collect$$libinit$$0000002E)
    .ARM.Collect$$libinit$$00000030          0x08000220   Section        0  libinit2.o(.ARM.Collect$$libinit$$00000030)
    .ARM.Collect$$libinit$$00000032          0x08000220   Section        0  libinit2.o(.ARM.Collect$$libinit$$00000032)
    .ARM.Collect$$libinit$$00000033          0x08000220   Section        2  libinit2.o(.ARM.Collect$$libinit$$00000033)
    .ARM.Collect$$libshutdown$$00000000      0x08000222   Section        2  libshutdown.o(.ARM.Collect$$libshutdown$$00000000)
    .ARM.Collect$$libshutdown$$00000002      0x08000224   Section        0  libshutdown2.o(.ARM.Collect$$libshutdown$$00000002)
    .ARM.Collect$$libshutdown$$00000004      0x08000224   Section        0  libshutdown2.o(.ARM.Collect$$libshutdown$$00000004)
    .ARM.Collect$$libshutdown$$00000007      0x08000224   Section        0  libshutdown2.o(.ARM.Collect$$libshutdown$$00000007)
    .ARM.Collect$$libshutdown$$0000000A      0x08000224   Section        0  libshutdown2.o(.ARM.Collect$$libshutdown$$0000000A)
    .ARM.Collect$$libshutdown$$0000000C      0x08000224   Section        0  libshutdown2.o(.ARM.Collect$$libshutdown$$0000000C)
    .ARM.Collect$$libshutdown$$0000000F      0x08000224   Section        0  libshutdown2.o(.ARM.Collect$$libshutdown$$0000000F)
    .ARM.Collect$$libshutdown$$00000010      0x08000224   Section        2  libshutdown2.o(.ARM.Collect$$libshutdown$$00000010)
    .ARM.Collect$$rtentry$$00000000          0x08000226   Section        0  __rtentry.o(.ARM.Collect$$rtentry$$00000000)
    .ARM.Collect$$rtentry$$00000002          0x08000226   Section        0  __rtentry2.o(.ARM.Collect$$rtentry$$00000002)
    .ARM.Collect$$rtentry$$00000004          0x08000226   Section        6  __rtentry4.o(.ARM.Collect$$rtentry$$00000004)
    .ARM.Collect$$rtentry$$00000009          0x0800022c   Section        0  __rtentry2.o(.ARM.Collect$$rtentry$$00000009)
    .ARM.Collect$$rtentry$$0000000A          0x0800022c   Section        4  __rtentry2.o(.ARM.Collect$$rtentry$$0000000A)
    .ARM.Collect$$rtentry$$0000000C          0x08000230   Section        0  __rtentry2.o(.ARM.Collect$$rtentry$$0000000C)
    .ARM.Collect$$rtentry$$0000000D          0x08000230   Section        8  __rtentry2.o(.ARM.Collect$$rtentry$$0000000D)
    .ARM.Collect$$rtexit$$00000000           0x08000238   Section        2  rtexit.o(.ARM.Collect$$rtexit$$00000000)
    .ARM.Collect$$rtexit$$00000002           0x0800023a   Section        0  rtexit2.o(.ARM.Collect$$rtexit$$00000002)
    .ARM.Collect$$rtexit$$00000003           0x0800023a   Section        4  rtexit2.o(.ARM.Collect$$rtexit$$00000003)
    .ARM.Collect$$rtexit$$00000004           0x0800023e   Section        6  rtexit2.o(.ARM.Collect$$rtexit$$00000004)
    .emb_text                                0x08000244   Section        0  maybetermalloc1.o(.emb_text)
    .text                                    0x08000244   Section       64  startup_stm32f401xe.o(.text)
    $v0                                      0x08000244   Number         0  startup_stm32f401xe.o(.text)
    .text                                    0x08000284   Section        0  h1_alloc.o(.text)
    .text                                    0x080002e4   Section        0  __2sprintf.o(.text)
    .text                                    0x08000310   Section        0  _printf_pad.o(.text)
    .text                                    0x08000360   Section        0  _printf_dec.o(.text)
    .text                                    0x080003d8   Section        0  __printf_flags_ss_wp.o(.text)
    .text                                    0x08000560   Section        0  strlen.o(.text)
    .text                                    0x0800059e   Section       78  rt_memclr_w.o(.text)
    .text                                    0x080005ec   Section        0  heapauxi.o(.text)
    .text                                    0x080005f4   Section        8  rt_heap_descriptor_intlibspace.o(.text)
    .text                                    0x080005fc   Section        0  hguard.o(.text)
    .text                                    0x08000600   Section        0  init_alloc.o(.text)
    .text                                    0x0800068a   Section        0  h1_init.o(.text)
    .text                                    0x08000698   Section        0  h1_free.o(.text)
    .text                                    0x080006e6   Section        0  _printf_intcommon.o(.text)
    .text                                    0x08000798   Section        0  _printf_char_common.o(.text)
    _printf_input_char                       0x08000799   Thumb Code    10  _printf_char_common.o(.text)
    .text                                    0x080007c8   Section        0  _sputc.o(.text)
    .text                                    0x080007d4   Section        8  libspace.o(.text)
    .text                                    0x080007dc   Section        0  h1_extend.o(.text)
    .text                                    0x08000810   Section        0  defsig_rtmem_outer.o(.text)
    .text                                    0x0800081e   Section        2  use_no_semi.o(.text)
    .text                                    0x08000820   Section        0  indicate_semi.o(.text)
    .text                                    0x08000820   Section       74  sys_stackheap_outer.o(.text)
    .text                                    0x0800086a   Section        0  exit.o(.text)
    .text                                    0x0800087c   Section        0  defsig_exit.o(.text)
    .text                                    0x08000888   Section        0  defsig_rtmem_inner.o(.text)
    .text                                    0x080008d8   Section        0  sys_exit.o(.text)
    .text                                    0x080008e4   Section        0  defsig_general.o(.text)
    .text                                    0x08000916   Section        0  sys_wrch.o(.text)
    i.BusFault_Handler                       0x08000924   Section        0  stm32f4xx_it.o(i.BusFault_Handler)
    i.DebugMon_Handler                       0x08000928   Section        0  stm32f4xx_it.o(i.DebugMon_Handler)
    i.HardFault_Handler                      0x0800092a   Section        0  stm32f4xx_it.o(i.HardFault_Handler)
    i.IO_Output_init                         0x0800092e   Section        0  io.o(i.IO_Output_init)
    i.IO_init                                0x08000960   Section        0  io.o(i.IO_init)
    i.IO_initAnalogueSensors                 0x080009bc   Section        0  io.o(i.IO_initAnalogueSensors)
    i.IO_initEncoders                        0x080009c0   Section        0  io.o(i.IO_initEncoders)
    i.IO_initJoyButton                       0x08000bf0   Section        0  io.o(i.IO_initJoyButton)
    i.IO_initLCD                             0x08000c88   Section        0  io.o(i.IO_initLCD)
    i.IO_initMotors                          0x08000d00   Section        0  io.o(i.IO_initMotors)
    i.IO_initUSART_ESP                       0x08000f18   Section        0  io.o(i.IO_initUSART_ESP)
    i.IO_initUSART_USB                       0x08000f8c   Section        0  io.o(i.IO_initUSART_USB)
    i.LCD_character                          0x08000ff8   Section        0  lcd.o(i.LCD_character)
    i.LCD_flushBuffer                        0x080010fa   Section        0  lcd.o(i.LCD_flushBuffer)
    i.LCD_height                             0x08001106   Section        0  lcd.o(i.LCD_height)
    i.LCD_init                               0x08001120   Section        0  lcd.o(i.LCD_init)
    i.LCD_locate                             0x080011cc   Section        0  lcd.o(i.LCD_locate)
    i.LCD_pixel                              0x080011d6   Section        0  lcd.o(i.LCD_pixel)
    i.LCD_putc                               0x08001258   Section        0  lcd.o(i.LCD_putc)
    i.LCD_puts_buffer                        0x080012aa   Section        0  lcd.o(i.LCD_puts_buffer)
    i.LCD_setFont                            0x080012fa   Section        0  lcd.o(i.LCD_setFont)
    i.LCD_width                              0x08001300   Section        0  lcd.o(i.LCD_width)
    i.LL_AHB1_GRP1_EnableClock               0x08001318   Section        0  io.o(i.LL_AHB1_GRP1_EnableClock)
    LL_AHB1_GRP1_EnableClock                 0x08001319   Thumb Code    24  io.o(i.LL_AHB1_GRP1_EnableClock)
    i.LL_APB1_GRP1_EnableClock               0x08001334   Section        0  io.o(i.LL_APB1_GRP1_EnableClock)
    LL_APB1_GRP1_EnableClock                 0x08001335   Thumb Code    24  io.o(i.LL_APB1_GRP1_EnableClock)
    i.LL_GPIO_ResetOutputPin                 0x08001350   Section        0  io.o(i.LL_GPIO_ResetOutputPin)
    LL_GPIO_ResetOutputPin                   0x08001351   Thumb Code     6  io.o(i.LL_GPIO_ResetOutputPin)
    i.LL_GPIO_ResetOutputPin                 0x08001356   Section        0  lcd.o(i.LL_GPIO_ResetOutputPin)
    LL_GPIO_ResetOutputPin                   0x08001357   Thumb Code     6  lcd.o(i.LL_GPIO_ResetOutputPin)
    i.LL_GPIO_SetAFPin_0_7                   0x0800135c   Section        0  io.o(i.LL_GPIO_SetAFPin_0_7)
    LL_GPIO_SetAFPin_0_7                     0x0800135d   Thumb Code    40  io.o(i.LL_GPIO_SetAFPin_0_7)
    i.LL_GPIO_SetAFPin_8_15                  0x08001384   Section        0  io.o(i.LL_GPIO_SetAFPin_8_15)
    LL_GPIO_SetAFPin_8_15                    0x08001385   Thumb Code    44  io.o(i.LL_GPIO_SetAFPin_8_15)
    i.LL_GPIO_SetOutputPin                   0x080013b0   Section        0  lcd.o(i.LL_GPIO_SetOutputPin)
    LL_GPIO_SetOutputPin                     0x080013b1   Thumb Code     4  lcd.o(i.LL_GPIO_SetOutputPin)
    i.LL_GPIO_SetPinMode                     0x080013b4   Section        0  io.o(i.LL_GPIO_SetPinMode)
    LL_GPIO_SetPinMode                       0x080013b5   Thumb Code    40  io.o(i.LL_GPIO_SetPinMode)
    i.LL_GPIO_SetPinOutputType               0x080013dc   Section        0  io.o(i.LL_GPIO_SetPinOutputType)
    LL_GPIO_SetPinOutputType                 0x080013dd   Thumb Code    16  io.o(i.LL_GPIO_SetPinOutputType)
    i.LL_GPIO_SetPinPull                     0x080013ec   Section        0  io.o(i.LL_GPIO_SetPinPull)
    LL_GPIO_SetPinPull                       0x080013ed   Thumb Code    40  io.o(i.LL_GPIO_SetPinPull)
    i.LL_GPIO_SetPinSpeed                    0x08001414   Section        0  io.o(i.LL_GPIO_SetPinSpeed)
    LL_GPIO_SetPinSpeed                      0x08001415   Thumb Code    40  io.o(i.LL_GPIO_SetPinSpeed)
    i.LL_SPI_DisableIT_TXE                   0x0800143c   Section        0  lcd.o(i.LL_SPI_DisableIT_TXE)
    LL_SPI_DisableIT_TXE                     0x0800143d   Thumb Code    10  lcd.o(i.LL_SPI_DisableIT_TXE)
    i.LL_SPI_IsActiveFlag_BSY                0x08001446   Section        0  lcd.o(i.LL_SPI_IsActiveFlag_BSY)
    LL_SPI_IsActiveFlag_BSY                  0x08001447   Thumb Code    10  lcd.o(i.LL_SPI_IsActiveFlag_BSY)
    i.LL_SPI_TransmitData8                   0x08001450   Section        0  lcd.o(i.LL_SPI_TransmitData8)
    LL_SPI_TransmitData8                     0x08001451   Thumb Code     4  lcd.o(i.LL_SPI_TransmitData8)
    i.LL_TIM_CC_EnableChannel                0x08001454   Section        0  io.o(i.LL_TIM_CC_EnableChannel)
    LL_TIM_CC_EnableChannel                  0x08001455   Thumb Code     8  io.o(i.LL_TIM_CC_EnableChannel)
    i.LL_TIM_EnableCounter                   0x0800145c   Section        0  io.o(i.LL_TIM_EnableCounter)
    LL_TIM_EnableCounter                     0x0800145d   Thumb Code    10  io.o(i.LL_TIM_EnableCounter)
    i.LL_TIM_EnableIT_CC1                    0x08001466   Section        0  io.o(i.LL_TIM_EnableIT_CC1)
    LL_TIM_EnableIT_CC1                      0x08001467   Thumb Code    10  io.o(i.LL_TIM_EnableIT_CC1)
    i.LL_TIM_GenerateEvent_UPDATE            0x08001470   Section        0  io.o(i.LL_TIM_GenerateEvent_UPDATE)
    LL_TIM_GenerateEvent_UPDATE              0x08001471   Thumb Code    10  io.o(i.LL_TIM_GenerateEvent_UPDATE)
    i.LL_TIM_IC_SetActiveInput               0x0800147c   Section        0  io.o(i.LL_TIM_IC_SetActiveInput)
    LL_TIM_IC_SetActiveInput                 0x0800147d   Thumb Code    98  io.o(i.LL_TIM_IC_SetActiveInput)
    i.LL_TIM_IC_SetFilter                    0x080014e8   Section        0  io.o(i.LL_TIM_IC_SetFilter)
    LL_TIM_IC_SetFilter                      0x080014e9   Thumb Code    98  io.o(i.LL_TIM_IC_SetFilter)
    i.LL_TIM_IC_SetPolarity                  0x08001554   Section        0  io.o(i.LL_TIM_IC_SetPolarity)
    LL_TIM_IC_SetPolarity                    0x08001555   Thumb Code    84  io.o(i.LL_TIM_IC_SetPolarity)
    i.LL_TIM_IC_SetPrescaler                 0x080015ac   Section        0  io.o(i.LL_TIM_IC_SetPrescaler)
    LL_TIM_IC_SetPrescaler                   0x080015ad   Thumb Code    98  io.o(i.LL_TIM_IC_SetPrescaler)
    i.LL_TIM_IsActiveFlag_CC1                0x08001618   Section        0  io.o(i.LL_TIM_IsActiveFlag_CC1)
    LL_TIM_IsActiveFlag_CC1                  0x08001619   Thumb Code    10  io.o(i.LL_TIM_IsActiveFlag_CC1)
    i.LL_TIM_OC_EnablePreload                0x08001624   Section        0  io.o(i.LL_TIM_OC_EnablePreload)
    LL_TIM_OC_EnablePreload                  0x08001625   Thumb Code    86  io.o(i.LL_TIM_OC_EnablePreload)
    i.LL_TIM_OC_SetMode                      0x08001684   Section        0  io.o(i.LL_TIM_OC_SetMode)
    LL_TIM_OC_SetMode                        0x08001685   Thumb Code    98  io.o(i.LL_TIM_OC_SetMode)
    i.LL_TIM_SetEncoderMode                  0x080016f0   Section        0  io.o(i.LL_TIM_SetEncoderMode)
    LL_TIM_SetEncoderMode                    0x080016f1   Thumb Code    12  io.o(i.LL_TIM_SetEncoderMode)
    i.LL_TIM_SetPrescaler                    0x080016fc   Section        0  io.o(i.LL_TIM_SetPrescaler)
    LL_TIM_SetPrescaler                      0x080016fd   Thumb Code     4  io.o(i.LL_TIM_SetPrescaler)
    i.MemManage_Handler                      0x08001700   Section        0  stm32f4xx_it.o(i.MemManage_Handler)
    i.NMI_Handler                            0x08001704   Section        0  stm32f4xx_it.o(i.NMI_Handler)
    i.PendSV_Handler                         0x08001706   Section        0  stm32f4xx_it.o(i.PendSV_Handler)
    i.SPI1_IRQHandler                        0x08001708   Section        0  lcd.o(i.SPI1_IRQHandler)
    i.SVC_Handler                            0x08001760   Section        0  stm32f4xx_it.o(i.SVC_Handler)
    i.SysTick_Handler                        0x08001764   Section        0  stm32f4xx_it.o(i.SysTick_Handler)
    i.SystemClock_Config                     0x08001774   Section        0  system_functions.o(i.SystemClock_Config)
    i.SystemInit                             0x080018d0   Section        0  system_stm32f4xx.o(i.SystemInit)
    i.System_micros                          0x08001934   Section        0  system_functions.o(i.System_micros)
    i.TIM2_IRQHandler                        0x0800193c   Section        0  io.o(i.TIM2_IRQHandler)
    i.TIM5_IRQHandler                        0x08001958   Section        0  io.o(i.TIM5_IRQHandler)
    i.UsageFault_Handler                     0x08001978   Section        0  stm32f4xx_it.o(i.UsageFault_Handler)
    i.__LCD_SPI_activate                     0x0800197c   Section        0  lcd.o(i.__LCD_SPI_activate)
    i.__LCD_SPI_init                         0x08001994   Section        0  lcd.o(i.__LCD_SPI_init)
    i.__LCD_SPI_sendByte                     0x08001a9c   Section        0  lcd.o(i.__LCD_SPI_sendByte)
    i.__LCD_SPI_sendDataBuffer               0x08001abc   Section        0  lcd.o(i.__LCD_SPI_sendDataBuffer)
    i.__LCD_copyDataBufferFast               0x08001b04   Section        0  lcd.o(i.__LCD_copyDataBufferFast)
    i.__LCD_writeCommand                     0x08001b60   Section        0  lcd.o(i.__LCD_writeCommand)
    i.__NVIC_EnableIRQ                       0x08001b90   Section        0  io.o(i.__NVIC_EnableIRQ)
    __NVIC_EnableIRQ                         0x08001b91   Thumb Code    26  io.o(i.__NVIC_EnableIRQ)
    i.__NVIC_SetPriority                     0x08001bac   Section        0  io.o(i.__NVIC_SetPriority)
    __NVIC_SetPriority                       0x08001bad   Thumb Code    32  io.o(i.__NVIC_SetPriority)
    i._is_digit                              0x08001bd4   Section        0  __printf_wp.o(i._is_digit)
    i.delay_ms                               0x08001be2   Section        0  system_functions.o(i.delay_ms)
    i.delay_us                               0x08001bfa   Section        0  system_functions.o(i.delay_us)
    i.main                                   0x08001c34   Section        0  main.o(i.main)
    i.micros                                 0x08001d18   Section        0  stm32f4xx_it.o(i.micros)
    x$fpl$dadd                               0x08001d24   Section      336  daddsub_clz.o(x$fpl$dadd)
    $v0                                      0x08001d24   Number         0  daddsub_clz.o(x$fpl$dadd)
    _dadd1                                   0x08001d35   Thumb Code     0  daddsub_clz.o(x$fpl$dadd)
    x$fpl$dcmpinf                            0x08001e74   Section       24  dcmpi.o(x$fpl$dcmpinf)
    $v0                                      0x08001e74   Number         0  dcmpi.o(x$fpl$dcmpinf)
    x$fpl$ddiv                               0x08001e8c   Section      688  ddiv.o(x$fpl$ddiv)
    $v0                                      0x08001e8c   Number         0  ddiv.o(x$fpl$ddiv)
    ddiv_entry                               0x08001e93   Thumb Code     0  ddiv.o(x$fpl$ddiv)
    x$fpl$dfixu                              0x0800213c   Section       90  dfixu.o(x$fpl$dfixu)
    $v0                                      0x0800213c   Number         0  dfixu.o(x$fpl$dfixu)
    x$fpl$dfltu                              0x08002196   Section       38  dflt_clz.o(x$fpl$dfltu)
    $v0                                      0x08002196   Number         0  dflt_clz.o(x$fpl$dfltu)
    x$fpl$dleqf                              0x080021bc   Section      120  dleqf.o(x$fpl$dleqf)
    $v0                                      0x080021bc   Number         0  dleqf.o(x$fpl$dleqf)
    x$fpl$dmul                               0x08002234   Section      340  dmul.o(x$fpl$dmul)
    $v0                                      0x08002234   Number         0  dmul.o(x$fpl$dmul)
    x$fpl$dnaninf                            0x08002388   Section      156  dnaninf.o(x$fpl$dnaninf)
    $v0                                      0x08002388   Number         0  dnaninf.o(x$fpl$dnaninf)
    x$fpl$dretinf                            0x08002424   Section       12  dretinf.o(x$fpl$dretinf)
    $v0                                      0x08002424   Number         0  dretinf.o(x$fpl$dretinf)
    x$fpl$drleqf                             0x08002430   Section      108  drleqf.o(x$fpl$drleqf)
    $v0                                      0x08002430   Number         0  drleqf.o(x$fpl$drleqf)
    x$fpl$dsub                               0x0800249c   Section      468  daddsub_clz.o(x$fpl$dsub)
    $v0                                      0x0800249c   Number         0  daddsub_clz.o(x$fpl$dsub)
    _dsub1                                   0x080024ad   Thumb Code     0  daddsub_clz.o(x$fpl$dsub)
    x$fpl$fpinit                             0x08002670   Section       10  fpinit.o(x$fpl$fpinit)
    $v0                                      0x08002670   Number         0  fpinit.o(x$fpl$fpinit)
    .constdata                               0x0800267a   Section       43  io.o(.constdata)
    x$fpl$usenofp                            0x0800267a   Section        0  usenofp.o(x$fpl$usenofp)
    STREAM_OFFSET_TAB                        0x0800267a   Data           8  io.o(.constdata)
    OFFSET_TAB_CCMRx                         0x08002682   Data           7  io.o(.constdata)
    SHIFT_TAB_OCxx                           0x08002689   Data           7  io.o(.constdata)
    SHIFT_TAB_ICxx                           0x08002690   Data           7  io.o(.constdata)
    SHIFT_TAB_CCxP                           0x08002697   Data           7  io.o(.constdata)
    SHIFT_TAB_OISx                           0x0800269e   Data           7  io.o(.constdata)
    .constdata                               0x080026a5   Section     1871  main.o(.constdata)
    STREAM_OFFSET_TAB                        0x080026a5   Data           8  main.o(.constdata)
    OFFSET_TAB_CCMRx                         0x080026ad   Data           7  main.o(.constdata)
    SHIFT_TAB_OCxx                           0x080026b4   Data           7  main.o(.constdata)
    SHIFT_TAB_ICxx                           0x080026bb   Data           7  main.o(.constdata)
    SHIFT_TAB_CCxP                           0x080026c2   Data           7  main.o(.constdata)
    SHIFT_TAB_OISx                           0x080026c9   Data           7  main.o(.constdata)
    .constdata                               0x08002df4   Section       17  __printf_flags_ss_wp.o(.constdata)
    maptable                                 0x08002df4   Data          17  __printf_flags_ss_wp.o(.constdata)
    .data                                    0x20000000   Section        4  system_stm32f4xx.o(.data)
    .data                                    0x20000004   Section        4  stm32f4xx_it.o(.data)
    SysTick_ticks                            0x20000004   Data           4  stm32f4xx_it.o(.data)
    .bss                                     0x20000008   Section       16  lcd.o(.bss)
    SPI_TX_BUFFER                            0x20000008   Data          16  lcd.o(.bss)
    .bss                                     0x20000018   Section       96  libspace.o(.bss)
    HEAP                                     0x20000078   Section     8192  startup_stm32f401xe.o(HEAP)
    Heap_Mem                                 0x20000078   Data        8192  startup_stm32f401xe.o(HEAP)
    STACK                                    0x20002078   Section     4096  startup_stm32f401xe.o(STACK)
    Stack_Mem                                0x20002078   Data        4096  startup_stm32f401xe.o(STACK)
    __initial_sp                             0x20003078   Data           0  startup_stm32f401xe.o(STACK)

    Global Symbols

    Symbol Name                              Value     Ov Type        Size  Object(Section)

    BuildAttributes$$THM_ISAv4$E$P$D$K$B$S$7EM$VFPi3$EXTD16$VFPS$VFMA$PE$A:L22UL41UL21$X:L11$S22US41US21$IEEE1$IW$USESV6$~STKCKD$USESV7$~SHL$OTIME$ROPI$IEEEJ$EBA8$UX$STANDARDLIB$REQ8$PRES8$EABIv2 0x00000000   Number         0  anon$$obj.o ABSOLUTE
    __ARM_use_no_argv                        0x00000000   Number         0  main.o ABSOLUTE
    _printf_flags                            0x00000000   Number         0  printf_stubs.o ABSOLUTE
    _printf_return_value                     0x00000000   Number         0  printf_stubs.o ABSOLUTE
    _printf_sizespec                         0x00000000   Number         0  printf_stubs.o ABSOLUTE
    _printf_widthprec                        0x00000000   Number         0  printf_stubs.o ABSOLUTE
    __ARM_exceptions_init                     - Undefined Weak Reference
    __alloca_initialize                       - Undefined Weak Reference
    __arm_preinit_                            - Undefined Weak Reference
    __cpp_initialize__aeabi_                  - Undefined Weak Reference
    __cxa_finalize                            - Undefined Weak Reference
    __sigvec_lookup                           - Undefined Weak Reference
    __user_heap_extent                        - Undefined Weak Reference
    _atexit_init                              - Undefined Weak Reference
    _call_atexit_fns                          - Undefined Weak Reference
    _clock_init                               - Undefined Weak Reference
    _fp_trap_init                             - Undefined Weak Reference
    _fp_trap_shutdown                         - Undefined Weak Reference
    _get_lc_collate                           - Undefined Weak Reference
    _get_lc_monetary                          - Undefined Weak Reference
    _get_lc_time                              - Undefined Weak Reference
    _getenv_init                              - Undefined Weak Reference
    _handle_redirection                       - Undefined Weak Reference
    _initio                                   - Undefined Weak Reference
    _mutex_acquire                            - Undefined Weak Reference
    _mutex_free                               - Undefined Weak Reference
    _mutex_release                            - Undefined Weak Reference
    _printf_mbtowc                            - Undefined Weak Reference
    _printf_wc                                - Undefined Weak Reference
    _rand_init                                - Undefined Weak Reference
    _signal_finish                            - Undefined Weak Reference
    _signal_init                              - Undefined Weak Reference
    _terminateio                              - Undefined Weak Reference
    __Vectors_Size                           0x00000194   Number         0  startup_stm32f401xe.o ABSOLUTE
    __Vectors                                0x08000000   Data           4  startup_stm32f401xe.o(RESET)
    __Vectors_End                            0x08000194   Data           0  startup_stm32f401xe.o(RESET)
    __main                                   0x08000195   Thumb Code     8  __main.o(!!!main)
    __scatterload                            0x0800019d   Thumb Code     0  __scatter.o(!!!scatter)
    __scatterload_rt2                        0x0800019d   Thumb Code    44  __scatter.o(!!!scatter)
    __scatterload_rt2_thumb_only             0x0800019d   Thumb Code     0  __scatter.o(!!!scatter)
    __scatterload_null                       0x080001ab   Thumb Code     0  __scatter.o(!!!scatter)
    __scatterload_copy                       0x080001d1   Thumb Code    26  __scatter_copy.o(!!handler_copy)
    __scatterload_zeroinit                   0x080001ed   Thumb Code    28  __scatter_zi.o(!!handler_zi)
    _printf_d                                0x08000209   Thumb Code     0  _printf_d.o(.ARM.Collect$$_printf_percent$$00000009)
    _printf_percent                          0x08000209   Thumb Code     0  _printf_percent.o(.ARM.Collect$$_printf_percent$$00000000)
    _printf_percent_end                      0x0800020f   Thumb Code     0  _printf_percent_end.o(.ARM.Collect$$_printf_percent$$00000017)
    __rt_lib_init                            0x08000213   Thumb Code     0  libinit.o(.ARM.Collect$$libinit$$00000000)
    __rt_lib_init_fp_1                       0x08000215   Thumb Code     0  libinit2.o(.ARM.Collect$$libinit$$00000001)
    __rt_lib_init_heap_2                     0x08000219   Thumb Code     0  libinit2.o(.ARM.Collect$$libinit$$00000005)
    __rt_lib_init_preinit_1                  0x08000219   Thumb Code     0  libinit2.o(.ARM.Collect$$libinit$$00000004)
    __rt_lib_init_alloca_1                   0x08000221   Thumb Code     0  libinit2.o(.ARM.Collect$$libinit$$0000002E)
    __rt_lib_init_argv_1                     0x08000221   Thumb Code     0  libinit2.o(.ARM.Collect$$libinit$$0000002C)
    __rt_lib_init_atexit_1                   0x08000221   Thumb Code     0  libinit2.o(.ARM.Collect$$libinit$$0000001B)
    __rt_lib_init_clock_1                    0x08000221   Thumb Code     0  libinit2.o(.ARM.Collect$$libinit$$00000021)
    __rt_lib_init_cpp_1                      0x08000221   Thumb Code     0  libinit2.o(.ARM.Collect$$libinit$$00000032)
    __rt_lib_init_exceptions_1               0x08000221   Thumb Code     0  libinit2.o(.ARM.Collect$$libinit$$00000030)
    __rt_lib_init_fp_trap_1                  0x08000221   Thumb Code     0  libinit2.o(.ARM.Collect$$libinit$$0000001F)
    __rt_lib_init_getenv_1                   0x08000221   Thumb Code     0  libinit2.o(.ARM.Collect$$libinit$$00000023)
    __rt_lib_init_heap_1                     0x08000221   Thumb Code     0  libinit2.o(.ARM.Collect$$libinit$$0000000A)
    __rt_lib_init_lc_collate_1               0x08000221   Thumb Code     0  libinit2.o(.ARM.Collect$$libinit$$00000011)
    __rt_lib_init_lc_ctype_1                 0x08000221   Thumb Code     0  libinit2.o(.ARM.Collect$$libinit$$00000013)
    __rt_lib_init_lc_monetary_1              0x08000221   Thumb Code     0  libinit2.o(.ARM.Collect$$libinit$$00000015)
    __rt_lib_init_lc_numeric_1               0x08000221   Thumb Code     0  libinit2.o(.ARM.Collect$$libinit$$00000017)
    __rt_lib_init_lc_time_1                  0x08000221   Thumb Code     0  libinit2.o(.ARM.Collect$$libinit$$00000019)
    __rt_lib_init_rand_1                     0x08000221   Thumb Code     0  libinit2.o(.ARM.Collect$$libinit$$0000000E)
    __rt_lib_init_return                     0x08000221   Thumb Code     0  libinit2.o(.ARM.Collect$$libinit$$00000033)
    __rt_lib_init_signal_1                   0x08000221   Thumb Code     0  libinit2.o(.ARM.Collect$$libinit$$0000001D)
    __rt_lib_init_stdio_1                    0x08000221   Thumb Code     0  libinit2.o(.ARM.Collect$$libinit$$00000025)
    __rt_lib_init_user_alloc_1               0x08000221   Thumb Code     0  libinit2.o(.ARM.Collect$$libinit$$0000000C)
    __rt_lib_shutdown                        0x08000223   Thumb Code     0  libshutdown.o(.ARM.Collect$$libshutdown$$00000000)
    __rt_lib_shutdown_cpp_1                  0x08000225   Thumb Code     0  libshutdown2.o(.ARM.Collect$$libshutdown$$00000002)
    __rt_lib_shutdown_fp_trap_1              0x08000225   Thumb Code     0  libshutdown2.o(.ARM.Collect$$libshutdown$$00000007)
    __rt_lib_shutdown_heap_1                 0x08000225   Thumb Code     0  libshutdown2.o(.ARM.Collect$$libshutdown$$0000000F)
    __rt_lib_shutdown_return                 0x08000225   Thumb Code     0  libshutdown2.o(.ARM.Collect$$libshutdown$$00000010)
    __rt_lib_shutdown_signal_1               0x08000225   Thumb Code     0  libshutdown2.o(.ARM.Collect$$libshutdown$$0000000A)
    __rt_lib_shutdown_stdio_1                0x08000225   Thumb Code     0  libshutdown2.o(.ARM.Collect$$libshutdown$$00000004)
    __rt_lib_shutdown_user_alloc_1           0x08000225   Thumb Code     0  libshutdown2.o(.ARM.Collect$$libshutdown$$0000000C)
    __rt_entry                               0x08000227   Thumb Code     0  __rtentry.o(.ARM.Collect$$rtentry$$00000000)
    __rt_entry_presh_1                       0x08000227   Thumb Code     0  __rtentry2.o(.ARM.Collect$$rtentry$$00000002)
    __rt_entry_sh                            0x08000227   Thumb Code     0  __rtentry4.o(.ARM.Collect$$rtentry$$00000004)
    __rt_entry_li                            0x0800022d   Thumb Code     0  __rtentry2.o(.ARM.Collect$$rtentry$$0000000A)
    __rt_entry_postsh_1                      0x0800022d   Thumb Code     0  __rtentry2.o(.ARM.Collect$$rtentry$$00000009)
    __rt_entry_main                          0x08000231   Thumb Code     0  __rtentry2.o(.ARM.Collect$$rtentry$$0000000D)
    __rt_entry_postli_1                      0x08000231   Thumb Code     0  __rtentry2.o(.ARM.Collect$$rtentry$$0000000C)
    __rt_exit                                0x08000239   Thumb Code     0  rtexit.o(.ARM.Collect$$rtexit$$00000000)
    __rt_exit_ls                             0x0800023b   Thumb Code     0  rtexit2.o(.ARM.Collect$$rtexit$$00000003)
    __rt_exit_prels_1                        0x0800023b   Thumb Code     0  rtexit2.o(.ARM.Collect$$rtexit$$00000002)
    __rt_exit_exit                           0x0800023f   Thumb Code     0  rtexit2.o(.ARM.Collect$$rtexit$$00000004)
    Reset_Handler                            0x08000245   Thumb Code     8  startup_stm32f401xe.o(.text)
    _maybe_terminate_alloc                   0x08000245   Thumb Code     0  maybetermalloc1.o(.emb_text)
    ADC_IRQHandler                           0x0800025f   Thumb Code     0  startup_stm32f401xe.o(.text)
    DMA1_Stream0_IRQHandler                  0x0800025f   Thumb Code     0  startup_stm32f401xe.o(.text)
    DMA1_Stream1_IRQHandler                  0x0800025f   Thumb Code     0  startup_stm32f401xe.o(.text)
    DMA1_Stream2_IRQHandler                  0x0800025f   Thumb Code     0  startup_stm32f401xe.o(.text)
    DMA1_Stream3_IRQHandler                  0x0800025f   Thumb Code     0  startup_stm32f401xe.o(.text)
    DMA1_Stream4_IRQHandler                  0x0800025f   Thumb Code     0  startup_stm32f401xe.o(.text)
    DMA1_Stream5_IRQHandler                  0x0800025f   Thumb Code     0  startup_stm32f401xe.o(.text)
    DMA1_Stream6_IRQHandler                  0x0800025f   Thumb Code     0  startup_stm32f401xe.o(.text)
    DMA1_Stream7_IRQHandler                  0x0800025f   Thumb Code     0  startup_stm32f401xe.o(.text)
    DMA2_Stream0_IRQHandler                  0x0800025f   Thumb Code     0  startup_stm32f401xe.o(.text)
    DMA2_Stream1_IRQHandler                  0x0800025f   Thumb Code     0  startup_stm32f401xe.o(.text)
    DMA2_Stream2_IRQHandler                  0x0800025f   Thumb Code     0  startup_stm32f401xe.o(.text)
    DMA2_Stream3_IRQHandler                  0x0800025f   Thumb Code     0  startup_stm32f401xe.o(.text)
    DMA2_Stream4_IRQHandler                  0x0800025f   Thumb Code     0  startup_stm32f401xe.o(.text)
    DMA2_Stream5_IRQHandler                  0x0800025f   Thumb Code     0  startup_stm32f401xe.o(.text)
    DMA2_Stream6_IRQHandler                  0x0800025f   Thumb Code     0  startup_stm32f401xe.o(.text)
    DMA2_Stream7_IRQHandler                  0x0800025f   Thumb Code     0  startup_stm32f401xe.o(.text)
    EXTI0_IRQHandler                         0x0800025f   Thumb Code     0  startup_stm32f401xe.o(.text)
    EXTI15_10_IRQHandler                     0x0800025f   Thumb Code     0  startup_stm32f401xe.o(.text)
    EXTI1_IRQHandler                         0x0800025f   Thumb Code     0  startup_stm32f401xe.o(.text)
    EXTI2_IRQHandler                         0x0800025f   Thumb Code     0  startup_stm32f401xe.o(.text)
    EXTI3_IRQHandler                         0x0800025f   Thumb Code     0  startup_stm32f401xe.o(.text)
    EXTI4_IRQHandler                         0x0800025f   Thumb Code     0  startup_stm32f401xe.o(.text)
    EXTI9_5_IRQHandler                       0x0800025f   Thumb Code     0  startup_stm32f401xe.o(.text)
    FLASH_IRQHandler                         0x0800025f   Thumb Code     0  startup_stm32f401xe.o(.text)
    FPU_IRQHandler                           0x0800025f   Thumb Code     0  startup_stm32f401xe.o(.text)
    I2C1_ER_IRQHandler                       0x0800025f   Thumb Code     0  startup_stm32f401xe.o(.text)
    I2C1_EV_IRQHandler                       0x0800025f   Thumb Code     0  startup_stm32f401xe.o(.text)
    I2C2_ER_IRQHandler                       0x0800025f   Thumb Code     0  startup_stm32f401xe.o(.text)
    I2C2_EV_IRQHandler                       0x0800025f   Thumb Code     0  startup_stm32f401xe.o(.text)
    I2C3_ER_IRQHandler                       0x0800025f   Thumb Code     0  startup_stm32f401xe.o(.text)
    I2C3_EV_IRQHandler                       0x0800025f   Thumb Code     0  startup_stm32f401xe.o(.text)
    OTG_FS_IRQHandler                        0x0800025f   Thumb Code     0  startup_stm32f401xe.o(.text)
    OTG_FS_WKUP_IRQHandler                   0x0800025f   Thumb Code     0  startup_stm32f401xe.o(.text)
    PVD_IRQHandler                           0x0800025f   Thumb Code     0  startup_stm32f401xe.o(.text)
    RCC_IRQHandler                           0x0800025f   Thumb Code     0  startup_stm32f401xe.o(.text)
    RTC_Alarm_IRQHandler                     0x0800025f   Thumb Code     0  startup_stm32f401xe.o(.text)
    RTC_WKUP_IRQHandler                      0x0800025f   Thumb Code     0  startup_stm32f401xe.o(.text)
    SDIO_IRQHandler                          0x0800025f   Thumb Code     0  startup_stm32f401xe.o(.text)
    SPI2_IRQHandler                          0x0800025f   Thumb Code     0  startup_stm32f401xe.o(.text)
    SPI3_IRQHandler                          0x0800025f   Thumb Code     0  startup_stm32f401xe.o(.text)
    SPI4_IRQHandler                          0x0800025f   Thumb Code     0  startup_stm32f401xe.o(.text)
    TAMP_STAMP_IRQHandler                    0x0800025f   Thumb Code     0  startup_stm32f401xe.o(.text)
    TIM1_BRK_TIM9_IRQHandler                 0x0800025f   Thumb Code     0  startup_stm32f401xe.o(.text)
    TIM1_CC_IRQHandler                       0x0800025f   Thumb Code     0  startup_stm32f401xe.o(.text)
    TIM1_TRG_COM_TIM11_IRQHandler            0x0800025f   Thumb Code     0  startup_stm32f401xe.o(.text)
    TIM1_UP_TIM10_IRQHandler                 0x0800025f   Thumb Code     0  startup_stm32f401xe.o(.text)
    TIM3_IRQHandler                          0x0800025f   Thumb Code     0  startup_stm32f401xe.o(.text)
    TIM4_IRQHandler                          0x0800025f   Thumb Code     0  startup_stm32f401xe.o(.text)
    USART1_IRQHandler                        0x0800025f   Thumb Code     0  startup_stm32f401xe.o(.text)
    USART2_IRQHandler                        0x0800025f   Thumb Code     0  startup_stm32f401xe.o(.text)
    USART6_IRQHandler                        0x0800025f   Thumb Code     0  startup_stm32f401xe.o(.text)
    WWDG_IRQHandler                          0x0800025f   Thumb Code     0  startup_stm32f401xe.o(.text)
    __user_initial_stackheap                 0x08000261   Thumb Code     0  startup_stm32f401xe.o(.text)
    malloc                                   0x08000285   Thumb Code    94  h1_alloc.o(.text)
    __2sprintf                               0x080002e5   Thumb Code    38  __2sprintf.o(.text)
    _printf_pre_padding                      0x08000311   Thumb Code    44  _printf_pad.o(.text)
    _printf_post_padding                     0x0800033d   Thumb Code    34  _printf_pad.o(.text)
    _printf_int_dec                          0x08000361   Thumb Code   104  _printf_dec.o(.text)
    __printf                                 0x080003d9   Thumb Code   388  __printf_flags_ss_wp.o(.text)
    strlen                                   0x08000561   Thumb Code    62  strlen.o(.text)
    __aeabi_memclr4                          0x0800059f   Thumb Code     0  rt_memclr_w.o(.text)
    __aeabi_memclr8                          0x0800059f   Thumb Code     0  rt_memclr_w.o(.text)
    __rt_memclr_w                            0x0800059f   Thumb Code    78  rt_memclr_w.o(.text)
    _memset_w                                0x080005a3   Thumb Code     0  rt_memclr_w.o(.text)
    __use_two_region_memory                  0x080005ed   Thumb Code     2  heapauxi.o(.text)
    __rt_heap_escrow                         0x080005ef   Thumb Code     2  heapauxi.o(.text)
    __rt_heap_expand                         0x080005f1   Thumb Code     2  heapauxi.o(.text)
    __rt_heap_descriptor                     0x080005f5   Thumb Code     8  rt_heap_descriptor_intlibspace.o(.text)
    __use_no_heap                            0x080005fd   Thumb Code     2  hguard.o(.text)
    __heap$guard                             0x080005ff   Thumb Code     2  hguard.o(.text)
    _terminate_user_alloc                    0x08000601   Thumb Code     2  init_alloc.o(.text)
    _init_user_alloc                         0x08000603   Thumb Code     2  init_alloc.o(.text)
    __Heap_Full                              0x08000605   Thumb Code    34  init_alloc.o(.text)
    __Heap_Broken                            0x08000627   Thumb Code     6  init_alloc.o(.text)
    _init_alloc                              0x0800062d   Thumb Code    94  init_alloc.o(.text)
    __Heap_Initialize                        0x0800068b   Thumb Code    10  h1_init.o(.text)
    __Heap_DescSize                          0x08000695   Thumb Code     4  h1_init.o(.text)
    free                                     0x08000699   Thumb Code    78  h1_free.o(.text)
    _printf_int_common                       0x080006e7   Thumb Code   178  _printf_intcommon.o(.text)
    _printf_char_common                      0x080007a3   Thumb Code    32  _printf_char_common.o(.text)
    _sputc                                   0x080007c9   Thumb Code    10  _sputc.o(.text)
    __user_libspace                          0x080007d5   Thumb Code     8  libspace.o(.text)
    __user_perproc_libspace                  0x080007d5   Thumb Code     0  libspace.o(.text)
    __user_perthread_libspace                0x080007d5   Thumb Code     0  libspace.o(.text)
    __Heap_ProvideMemory                     0x080007dd   Thumb Code    52  h1_extend.o(.text)
    __rt_SIGRTMEM                            0x08000811   Thumb Code    14  defsig_rtmem_outer.o(.text)
    __I$use$semihosting                      0x0800081f   Thumb Code     0  use_no_semi.o(.text)
    __use_no_semihosting_swi                 0x0800081f   Thumb Code     2  use_no_semi.o(.text)
    __semihosting_library_function           0x08000821   Thumb Code     0  indicate_semi.o(.text)
    __user_setup_stackheap                   0x08000821   Thumb Code    74  sys_stackheap_outer.o(.text)
    exit                                     0x0800086b   Thumb Code    18  exit.o(.text)
    __sig_exit                               0x0800087d   Thumb Code    10  defsig_exit.o(.text)
    __rt_SIGRTMEM_inner                      0x08000889   Thumb Code    22  defsig_rtmem_inner.o(.text)
    _sys_exit                                0x080008d9   Thumb Code     8  sys_exit.o(.text)
    __default_signal_display                 0x080008e5   Thumb Code    50  defsig_general.o(.text)
    _ttywrch                                 0x08000917   Thumb Code    14  sys_wrch.o(.text)
    BusFault_Handler                         0x08000925   Thumb Code     4  stm32f4xx_it.o(i.BusFault_Handler)
    DebugMon_Handler                         0x08000929   Thumb Code     2  stm32f4xx_it.o(i.DebugMon_Handler)
    HardFault_Handler                        0x0800092b   Thumb Code     4  stm32f4xx_it.o(i.HardFault_Handler)
    IO_Output_init                           0x0800092f   Thumb Code    48  io.o(i.IO_Output_init)
    IO_init                                  0x08000961   Thumb Code    86  io.o(i.IO_init)
    IO_initAnalogueSensors                   0x080009bd   Thumb Code     2  io.o(i.IO_initAnalogueSensors)
    IO_initEncoders                          0x080009c1   Thumb Code   538  io.o(i.IO_initEncoders)
    IO_initJoyButton                         0x08000bf1   Thumb Code   132  io.o(i.IO_initJoyButton)
    IO_initLCD                               0x08000c89   Thumb Code   110  io.o(i.IO_initLCD)
    IO_initMotors                            0x08000d01   Thumb Code   488  io.o(i.IO_initMotors)
    IO_initUSART_ESP                         0x08000f19   Thumb Code   112  io.o(i.IO_initUSART_ESP)
    IO_initUSART_USB                         0x08000f8d   Thumb Code   104  io.o(i.IO_initUSART_USB)
    LCD_character                            0x08000ff9   Thumb Code   258  lcd.o(i.LCD_character)
    LCD_flushBuffer                          0x080010fb   Thumb Code    12  lcd.o(i.LCD_flushBuffer)
    LCD_height                               0x08001107   Thumb Code    24  lcd.o(i.LCD_height)
    LCD_init                                 0x08001121   Thumb Code   162  lcd.o(i.LCD_init)
    LCD_locate                               0x080011cd   Thumb Code    10  lcd.o(i.LCD_locate)
    LCD_pixel                                0x080011d7   Thumb Code   130  lcd.o(i.LCD_pixel)
    LCD_putc                                 0x08001259   Thumb Code    82  lcd.o(i.LCD_putc)
    LCD_puts_buffer                          0x080012ab   Thumb Code    80  lcd.o(i.LCD_puts_buffer)
    LCD_setFont                              0x080012fb   Thumb Code     6  lcd.o(i.LCD_setFont)
    LCD_width                                0x08001301   Thumb Code    24  lcd.o(i.LCD_width)
    MemManage_Handler                        0x08001701   Thumb Code     4  stm32f4xx_it.o(i.MemManage_Handler)
    NMI_Handler                              0x08001705   Thumb Code     2  stm32f4xx_it.o(i.NMI_Handler)
    PendSV_Handler                           0x08001707   Thumb Code     2  stm32f4xx_it.o(i.PendSV_Handler)
    SPI1_IRQHandler                          0x08001709   Thumb Code    76  lcd.o(i.SPI1_IRQHandler)
    SVC_Handler                              0x08001761   Thumb Code     2  stm32f4xx_it.o(i.SVC_Handler)
    SysTick_Handler                          0x08001765   Thumb Code    12  stm32f4xx_it.o(i.SysTick_Handler)
    SystemClock_Config                       0x08001775   Thumb Code   318  system_functions.o(i.SystemClock_Config)
    SystemInit                               0x080018d1   Thumb Code    82  system_stm32f4xx.o(i.SystemInit)
    System_micros                            0x08001935   Thumb Code     8  system_functions.o(i.System_micros)
    TIM2_IRQHandler                          0x0800193d   Thumb Code    28  io.o(i.TIM2_IRQHandler)
    TIM5_IRQHandler                          0x08001959   Thumb Code    26  io.o(i.TIM5_IRQHandler)
    UsageFault_Handler                       0x08001979   Thumb Code     4  stm32f4xx_it.o(i.UsageFault_Handler)
    __LCD_SPI_activate                       0x0800197d   Thumb Code    18  lcd.o(i.__LCD_SPI_activate)
    __LCD_SPI_init                           0x08001995   Thumb Code   246  lcd.o(i.__LCD_SPI_init)
    __LCD_SPI_sendByte                       0x08001a9d   Thumb Code    26  lcd.o(i.__LCD_SPI_sendByte)
    __LCD_SPI_sendDataBuffer                 0x08001abd   Thumb Code    54  lcd.o(i.__LCD_SPI_sendDataBuffer)
    __LCD_copyDataBufferFast                 0x08001b05   Thumb Code    82  lcd.o(i.__LCD_copyDataBufferFast)
    __LCD_writeCommand                       0x08001b61   Thumb Code    38  lcd.o(i.__LCD_writeCommand)
    _is_digit                                0x08001bd5   Thumb Code    14  __printf_wp.o(i._is_digit)
    delay_ms                                 0x08001be3   Thumb Code    24  system_functions.o(i.delay_ms)
    delay_us                                 0x08001bfb   Thumb Code    56  system_functions.o(i.delay_us)
    main                                     0x08001c35   Thumb Code   190  main.o(i.main)
    micros                                   0x08001d19   Thumb Code     6  stm32f4xx_it.o(i.micros)
    __aeabi_dadd                             0x08001d25   Thumb Code     0  daddsub_clz.o(x$fpl$dadd)
    _dadd                                    0x08001d25   Thumb Code   332  daddsub_clz.o(x$fpl$dadd)
    __fpl_dcmp_Inf                           0x08001e75   Thumb Code    24  dcmpi.o(x$fpl$dcmpinf)
    __aeabi_ddiv                             0x08001e8d   Thumb Code     0  ddiv.o(x$fpl$ddiv)
    _ddiv                                    0x08001e8d   Thumb Code   552  ddiv.o(x$fpl$ddiv)
    __aeabi_d2uiz                            0x0800213d   Thumb Code     0  dfixu.o(x$fpl$dfixu)
    _dfixu                                   0x0800213d   Thumb Code    90  dfixu.o(x$fpl$dfixu)
    __aeabi_ui2d                             0x08002197   Thumb Code     0  dflt_clz.o(x$fpl$dfltu)
    _dfltu                                   0x08002197   Thumb Code    38  dflt_clz.o(x$fpl$dfltu)
    __aeabi_cdcmple                          0x080021bd   Thumb Code     0  dleqf.o(x$fpl$dleqf)
    _dcmple                                  0x080021bd   Thumb Code   120  dleqf.o(x$fpl$dleqf)
    __fpl_dcmple_InfNaN                      0x0800221f   Thumb Code     0  dleqf.o(x$fpl$dleqf)
    __aeabi_dmul                             0x08002235   Thumb Code     0  dmul.o(x$fpl$dmul)
    _dmul                                    0x08002235   Thumb Code   332  dmul.o(x$fpl$dmul)
    __fpl_dnaninf                            0x08002389   Thumb Code   156  dnaninf.o(x$fpl$dnaninf)
    __fpl_dretinf                            0x08002425   Thumb Code    12  dretinf.o(x$fpl$dretinf)
    __aeabi_cdrcmple                         0x08002431   Thumb Code     0  drleqf.o(x$fpl$drleqf)
    _drcmple                                 0x08002431   Thumb Code   108  drleqf.o(x$fpl$drleqf)
    __aeabi_dsub                             0x0800249d   Thumb Code     0  daddsub_clz.o(x$fpl$dsub)
    _dsub                                    0x0800249d   Thumb Code   464  daddsub_clz.o(x$fpl$dsub)
    _fp_init                                 0x08002671   Thumb Code    10  fpinit.o(x$fpl$fpinit)
    __fplib_config_fpu_vfp                   0x08002679   Thumb Code     0  fpinit.o(x$fpl$fpinit)
    __fplib_config_pureend_doubles           0x08002679   Thumb Code     0  fpinit.o(x$fpl$fpinit)
    __I$use$fp                               0x0800267a   Number         0  usenofp.o(x$fpl$usenofp)
    SmallFont                                0x080026d0   Data        1828  main.o(.constdata)
    Region$$Table$$Base                      0x08002e08   Number         0  anon$$obj.o(Region$$Table)
    Region$$Table$$Limit                     0x08002e28   Number         0  anon$$obj.o(Region$$Table)
    SystemCoreClock                          0x20000000   Data           4  system_stm32f4xx.o(.data)
    __libspace_start                         0x20000018   Data          96  libspace.o(.bss)
    __temporary_stack_top$libspace           0x20000078   Data           0  libspace.o(.bss)



==============================================================================

Memory Map of the image

  Image Entry point : 0x08000195

  Load Region LR_IROM1 (Base: 0x08000000, Size: 0x00002e30, Max: 0x00080000, ABSOLUTE)

    Execution Region ER_IROM1 (Base: 0x08000000, Size: 0x00002e28, Max: 0x00080000, ABSOLUTE)

    Base Addr    Size         Type   Attr      Idx    E Section Name        Object

    0x08000000   0x00000194   Data   RO            3    RESET               startup_stm32f401xe.o
    0x08000194   0x00000008   Code   RO         1294  * !!!main             c_w.l(__main.o)
    0x0800019c   0x00000034   Code   RO         1683    !!!scatter          c_w.l(__scatter.o)
    0x080001d0   0x0000001a   Code   RO         1685    !!handler_copy      c_w.l(__scatter_copy.o)
    0x080001ea   0x00000002   PAD
    0x080001ec   0x0000001c   Code   RO         1687    !!handler_zi        c_w.l(__scatter_zi.o)
    0x08000208   0x00000000   Code   RO         1285    .ARM.Collect$$_printf_percent$$00000000  c_w.l(_printf_percent.o)
    0x08000208   0x00000006   Code   RO         1284    .ARM.Collect$$_printf_percent$$00000009  c_w.l(_printf_d.o)
    0x0800020e   0x00000004   Code   RO         1422    .ARM.Collect$$_printf_percent$$00000017  c_w.l(_printf_percent_end.o)
    0x08000212   0x00000002   Code   RO         1613    .ARM.Collect$$libinit$$00000000  c_w.l(libinit.o)
    0x08000214   0x00000004   Code   RO         1434    .ARM.Collect$$libinit$$00000001  c_w.l(libinit2.o)
    0x08000218   0x00000000   Code   RO         1437    .ARM.Collect$$libinit$$00000004  c_w.l(libinit2.o)
    0x08000218   0x00000008   Code   RO         1438    .ARM.Collect$$libinit$$00000005  c_w.l(libinit2.o)
    0x08000220   0x00000000   Code   RO         1440    .ARM.Collect$$libinit$$0000000A  c_w.l(libinit2.o)
    0x08000220   0x00000000   Code   RO         1442    .ARM.Collect$$libinit$$0000000C  c_w.l(libinit2.o)
    0x08000220   0x00000000   Code   RO         1444    .ARM.Collect$$libinit$$0000000E  c_w.l(libinit2.o)
    0x08000220   0x00000000   Code   RO         1447    .ARM.Collect$$libinit$$00000011  c_w.l(libinit2.o)
    0x08000220   0x00000000   Code   RO         1449    .ARM.Collect$$libinit$$00000013  c_w.l(libinit2.o)
    0x08000220   0x00000000   Code   RO         1451    .ARM.Collect$$libinit$$00000015  c_w.l(libinit2.o)
    0x08000220   0x00000000   Code   RO         1453    .ARM.Collect$$libinit$$00000017  c_w.l(libinit2.o)
    0x08000220   0x00000000   Code   RO         1455    .ARM.Collect$$libinit$$00000019  c_w.l(libinit2.o)
    0x08000220   0x00000000   Code   RO         1457    .ARM.Collect$$libinit$$0000001B  c_w.l(libinit2.o)
    0x08000220   0x00000000   Code   RO         1459    .ARM.Collect$$libinit$$0000001D  c_w.l(libinit2.o)
    0x08000220   0x00000000   Code   RO         1461    .ARM.Collect$$libinit$$0000001F  c_w.l(libinit2.o)
    0x08000220   0x00000000   Code   RO         1463    .ARM.Collect$$libinit$$00000021  c_w.l(libinit2.o)
    0x08000220   0x00000000   Code   RO         1465    .ARM.Collect$$libinit$$00000023  c_w.l(libinit2.o)
    0x08000220   0x00000000   Code   RO         1467    .ARM.Collect$$libinit$$00000025  c_w.l(libinit2.o)
    0x08000220   0x00000000   Code   RO         1471    .ARM.Collect$$libinit$$0000002C  c_w.l(libinit2.o)
    0x08000220   0x00000000   Code   RO         1473    .ARM.Collect$$libinit$$0000002E  c_w.l(libinit2.o)
    0x08000220   0x00000000   Code   RO         1475    .ARM.Collect$$libinit$$00000030  c_w.l(libinit2.o)
    0x08000220   0x00000000   Code   RO         1477    .ARM.Collect$$libinit$$00000032  c_w.l(libinit2.o)
    0x08000220   0x00000002   Code   RO         1478    .ARM.Collect$$libinit$$00000033  c_w.l(libinit2.o)
    0x08000222   0x00000002   Code   RO         1680    .ARM.Collect$$libshutdown$$00000000  c_w.l(libshutdown.o)
    0x08000224   0x00000000   Code   RO         1636    .ARM.Collect$$libshutdown$$00000002  c_w.l(libshutdown2.o)
    0x08000224   0x00000000   Code   RO         1638    .ARM.Collect$$libshutdown$$00000004  c_w.l(libshutdown2.o)
    0x08000224   0x00000000   Code   RO         1641    .ARM.Collect$$libshutdown$$00000007  c_w.l(libshutdown2.o)
    0x08000224   0x00000000   Code   RO         1644    .ARM.Collect$$libshutdown$$0000000A  c_w.l(libshutdown2.o)
    0x08000224   0x00000000   Code   RO         1646    .ARM.Collect$$libshutdown$$0000000C  c_w.l(libshutdown2.o)
    0x08000224   0x00000000   Code   RO         1649    .ARM.Collect$$libshutdown$$0000000F  c_w.l(libshutdown2.o)
    0x08000224   0x00000002   Code   RO         1650    .ARM.Collect$$libshutdown$$00000010  c_w.l(libshutdown2.o)
    0x08000226   0x00000000   Code   RO         1334    .ARM.Collect$$rtentry$$00000000  c_w.l(__rtentry.o)
    0x08000226   0x00000000   Code   RO         1504    .ARM.Collect$$rtentry$$00000002  c_w.l(__rtentry2.o)
    0x08000226   0x00000006   Code   RO         1516    .ARM.Collect$$rtentry$$00000004  c_w.l(__rtentry4.o)
    0x0800022c   0x00000000   Code   RO         1506    .ARM.Collect$$rtentry$$00000009  c_w.l(__rtentry2.o)
    0x0800022c   0x00000004   Code   RO         1507    .ARM.Collect$$rtentry$$0000000A  c_w.l(__rtentry2.o)
    0x08000230   0x00000000   Code   RO         1509    .ARM.Collect$$rtentry$$0000000C  c_w.l(__rtentry2.o)
    0x08000230   0x00000008   Code   RO         1510    .ARM.Collect$$rtentry$$0000000D  c_w.l(__rtentry2.o)
    0x08000238   0x00000002   Code   RO         1620    .ARM.Collect$$rtexit$$00000000  c_w.l(rtexit.o)
    0x0800023a   0x00000000   Code   RO         1654    .ARM.Collect$$rtexit$$00000002  c_w.l(rtexit2.o)
    0x0800023a   0x00000004   Code   RO         1655    .ARM.Collect$$rtexit$$00000003  c_w.l(rtexit2.o)
    0x0800023e   0x00000006   Code   RO         1656    .ARM.Collect$$rtexit$$00000004  c_w.l(rtexit2.o)
    0x08000244   0x00000000   Code   RO         1520    .emb_text           c_w.l(maybetermalloc1.o)
    0x08000244   0x00000040   Code   RO            4    .text               startup_stm32f401xe.o
    0x08000284   0x0000005e   Code   RO         1198    .text               c_w.l(h1_alloc.o)
    0x080002e2   0x00000002   PAD
    0x080002e4   0x0000002c   Code   RO         1254    .text               c_w.l(__2sprintf.o)
    0x08000310   0x0000004e   Code   RO         1260    .text               c_w.l(_printf_pad.o)
    0x0800035e   0x00000002   PAD
    0x08000360   0x00000078   Code   RO         1262    .text               c_w.l(_printf_dec.o)
    0x080003d8   0x00000188   Code   RO         1281    .text               c_w.l(__printf_flags_ss_wp.o)
    0x08000560   0x0000003e   Code   RO         1286    .text               c_w.l(strlen.o)
    0x0800059e   0x0000004e   Code   RO         1290    .text               c_w.l(rt_memclr_w.o)
    0x080005ec   0x00000006   Code   RO         1292    .text               c_w.l(heapauxi.o)
    0x080005f2   0x00000002   PAD
    0x080005f4   0x00000008   Code   RO         1338    .text               c_w.l(rt_heap_descriptor_intlibspace.o)
    0x080005fc   0x00000004   Code   RO         1340    .text               c_w.l(hguard.o)
    0x08000600   0x0000008a   Code   RO         1342    .text               c_w.l(init_alloc.o)
    0x0800068a   0x0000000e   Code   RO         1348    .text               c_w.l(h1_init.o)
    0x08000698   0x0000004e   Code   RO         1350    .text               c_w.l(h1_free.o)
    0x080006e6   0x000000b2   Code   RO         1370    .text               c_w.l(_printf_intcommon.o)
    0x08000798   0x00000030   Code   RO         1374    .text               c_w.l(_printf_char_common.o)
    0x080007c8   0x0000000a   Code   RO         1376    .text               c_w.l(_sputc.o)
    0x080007d2   0x00000002   PAD
    0x080007d4   0x00000008   Code   RO         1500    .text               c_w.l(libspace.o)
    0x080007dc   0x00000034   Code   RO         1522    .text               c_w.l(h1_extend.o)
    0x08000810   0x0000000e   Code   RO         1541    .text               c_w.l(defsig_rtmem_outer.o)
    0x0800081e   0x00000002   Code   RO         1552    .text               c_w.l(use_no_semi.o)
    0x08000820   0x00000000   Code   RO         1554    .text               c_w.l(indicate_semi.o)
    0x08000820   0x0000004a   Code   RO         1555    .text               c_w.l(sys_stackheap_outer.o)
    0x0800086a   0x00000012   Code   RO         1598    .text               c_w.l(exit.o)
    0x0800087c   0x0000000a   Code   RO         1600    .text               c_w.l(defsig_exit.o)
    0x08000886   0x00000002   PAD
    0x08000888   0x00000050   Code   RO         1602    .text               c_w.l(defsig_rtmem_inner.o)
    0x080008d8   0x0000000c   Code   RO         1618    .text               c_w.l(sys_exit.o)
    0x080008e4   0x00000032   Code   RO         1631    .text               c_w.l(defsig_general.o)
    0x08000916   0x0000000e   Code   RO         1651    .text               c_w.l(sys_wrch.o)
    0x08000924   0x00000004   Code   RO          965    i.BusFault_Handler  stm32f4xx_it.o
    0x08000928   0x00000002   Code   RO          966    i.DebugMon_Handler  stm32f4xx_it.o
    0x0800092a   0x00000004   Code   RO          967    i.HardFault_Handler  stm32f4xx_it.o
    0x0800092e   0x00000030   Code   RO          190    i.IO_Output_init    io.o
    0x0800095e   0x00000002   PAD
    0x08000960   0x0000005c   Code   RO          191    i.IO_init           io.o
    0x080009bc   0x00000002   Code   RO          192    i.IO_initAnalogueSensors  io.o
    0x080009be   0x00000002   PAD
    0x080009c0   0x00000230   Code   RO          193    i.IO_initEncoders   io.o
    0x08000bf0   0x00000098   Code   RO          194    i.IO_initJoyButton  io.o
    0x08000c88   0x00000078   Code   RO          195    i.IO_initLCD        io.o
    0x08000d00   0x00000218   Code   RO          196    i.IO_initMotors     io.o
    0x08000f18   0x00000074   Code   RO          197    i.IO_initUSART_ESP  io.o
    0x08000f8c   0x0000006c   Code   RO          198    i.IO_initUSART_USB  io.o
    0x08000ff8   0x00000102   Code   RO          475    i.LCD_character     lcd.o
    0x080010fa   0x0000000c   Code   RO          479    i.LCD_flushBuffer   lcd.o
    0x08001106   0x00000018   Code   RO          480    i.LCD_height        lcd.o
    0x0800111e   0x00000002   PAD
    0x08001120   0x000000ac   Code   RO          481    i.LCD_init          lcd.o
    0x080011cc   0x0000000a   Code   RO          482    i.LCD_locate        lcd.o
    0x080011d6   0x00000082   Code   RO          483    i.LCD_pixel         lcd.o
    0x08001258   0x00000052   Code   RO          485    i.LCD_putc          lcd.o
    0x080012aa   0x00000050   Code   RO          487    i.LCD_puts_buffer   lcd.o
    0x080012fa   0x00000006   Code   RO          490    i.LCD_setFont       lcd.o
    0x08001300   0x00000018   Code   RO          491    i.LCD_width         lcd.o
    0x08001318   0x0000001c   Code   RO          199    i.LL_AHB1_GRP1_EnableClock  io.o
    0x08001334   0x0000001c   Code   RO          200    i.LL_APB1_GRP1_EnableClock  io.o
    0x08001350   0x00000006   Code   RO          201    i.LL_GPIO_ResetOutputPin  io.o
    0x08001356   0x00000006   Code   RO          492    i.LL_GPIO_ResetOutputPin  lcd.o
    0x0800135c   0x00000028   Code   RO          202    i.LL_GPIO_SetAFPin_0_7  io.o
    0x08001384   0x0000002c   Code   RO          203    i.LL_GPIO_SetAFPin_8_15  io.o
    0x080013b0   0x00000004   Code   RO          493    i.LL_GPIO_SetOutputPin  lcd.o
    0x080013b4   0x00000028   Code   RO          204    i.LL_GPIO_SetPinMode  io.o
    0x080013dc   0x00000010   Code   RO          205    i.LL_GPIO_SetPinOutputType  io.o
    0x080013ec   0x00000028   Code   RO          206    i.LL_GPIO_SetPinPull  io.o
    0x08001414   0x00000028   Code   RO          207    i.LL_GPIO_SetPinSpeed  io.o
    0x0800143c   0x0000000a   Code   RO          494    i.LL_SPI_DisableIT_TXE  lcd.o
    0x08001446   0x0000000a   Code   RO          495    i.LL_SPI_IsActiveFlag_BSY  lcd.o
    0x08001450   0x00000004   Code   RO          496    i.LL_SPI_TransmitData8  lcd.o
    0x08001454   0x00000008   Code   RO          208    i.LL_TIM_CC_EnableChannel  io.o
    0x0800145c   0x0000000a   Code   RO          209    i.LL_TIM_EnableCounter  io.o
    0x08001466   0x0000000a   Code   RO          210    i.LL_TIM_EnableIT_CC1  io.o
    0x08001470   0x0000000a   Code   RO          211    i.LL_TIM_GenerateEvent_UPDATE  io.o
    0x0800147a   0x00000002   PAD
    0x0800147c   0x0000006c   Code   RO          212    i.LL_TIM_IC_SetActiveInput  io.o
    0x080014e8   0x0000006c   Code   RO          213    i.LL_TIM_IC_SetFilter  io.o
    0x08001554   0x00000058   Code   RO          214    i.LL_TIM_IC_SetPolarity  io.o
    0x080015ac   0x0000006c   Code   RO          215    i.LL_TIM_IC_SetPrescaler  io.o
    0x08001618   0x0000000a   Code   RO          216    i.LL_TIM_IsActiveFlag_CC1  io.o
    0x08001622   0x00000002   PAD
    0x08001624   0x00000060   Code   RO          217    i.LL_TIM_OC_EnablePreload  io.o
    0x08001684   0x0000006c   Code   RO          218    i.LL_TIM_OC_SetMode  io.o
    0x080016f0   0x0000000c   Code   RO          219    i.LL_TIM_SetEncoderMode  io.o
    0x080016fc   0x00000004   Code   RO          220    i.LL_TIM_SetPrescaler  io.o
    0x08001700   0x00000004   Code   RO          968    i.MemManage_Handler  stm32f4xx_it.o
    0x08001704   0x00000002   Code   RO          969    i.NMI_Handler       stm32f4xx_it.o
    0x08001706   0x00000002   Code   RO          970    i.PendSV_Handler    stm32f4xx_it.o
    0x08001708   0x00000058   Code   RO          497    i.SPI1_IRQHandler   lcd.o
    0x08001760   0x00000002   Code   RO          971    i.SVC_Handler       stm32f4xx_it.o
    0x08001762   0x00000002   PAD
    0x08001764   0x00000010   Code   RO          972    i.SysTick_Handler   stm32f4xx_it.o
    0x08001774   0x0000015c   Code   RO         1049    i.SystemClock_Config  system_functions.o
    0x080018d0   0x00000064   Code   RO          144    i.SystemInit        system_stm32f4xx.o
    0x08001934   0x00000008   Code   RO         1050    i.System_micros     system_functions.o
    0x0800193c   0x0000001c   Code   RO          221    i.TIM2_IRQHandler   io.o
    0x08001958   0x00000020   Code   RO          222    i.TIM5_IRQHandler   io.o
    0x08001978   0x00000004   Code   RO          973    i.UsageFault_Handler  stm32f4xx_it.o
    0x0800197c   0x00000018   Code   RO          498    i.__LCD_SPI_activate  lcd.o
    0x08001994   0x00000108   Code   RO          499    i.__LCD_SPI_init    lcd.o
    0x08001a9c   0x00000020   Code   RO          500    i.__LCD_SPI_sendByte  lcd.o
    0x08001abc   0x00000048   Code   RO          501    i.__LCD_SPI_sendDataBuffer  lcd.o
    0x08001b04   0x0000005c   Code   RO          503    i.__LCD_copyDataBufferFast  lcd.o
    0x08001b60   0x00000030   Code   RO          504    i.__LCD_writeCommand  lcd.o
    0x08001b90   0x0000001a   Code   RO          223    i.__NVIC_EnableIRQ  io.o
    0x08001baa   0x00000002   PAD
    0x08001bac   0x00000028   Code   RO          224    i.__NVIC_SetPriority  io.o
    0x08001bd4   0x0000000e   Code   RO         1274    i._is_digit         c_w.l(__printf_wp.o)
    0x08001be2   0x00000018   Code   RO         1052    i.delay_ms          system_functions.o
    0x08001bfa   0x00000038   Code   RO         1053    i.delay_us          system_functions.o
    0x08001c32   0x00000002   PAD
    0x08001c34   0x000000e4   Code   RO          721    i.main              main.o
    0x08001d18   0x0000000c   Code   RO          974    i.micros            stm32f4xx_it.o
    0x08001d24   0x00000150   Code   RO         1298    x$fpl$dadd          fz_wm.l(daddsub_clz.o)
    0x08001e74   0x00000018   Code   RO         1479    x$fpl$dcmpinf       fz_wm.l(dcmpi.o)
    0x08001e8c   0x000002b0   Code   RO         1305    x$fpl$ddiv          fz_wm.l(ddiv.o)
    0x0800213c   0x0000005a   Code   RO         1308    x$fpl$dfixu         fz_wm.l(dfixu.o)
    0x08002196   0x00000026   Code   RO         1312    x$fpl$dfltu         fz_wm.l(dflt_clz.o)
    0x080021bc   0x00000078   Code   RO         1318    x$fpl$dleqf         fz_wm.l(dleqf.o)
    0x08002234   0x00000154   Code   RO         1320    x$fpl$dmul          fz_wm.l(dmul.o)
    0x08002388   0x0000009c   Code   RO         1481    x$fpl$dnaninf       fz_wm.l(dnaninf.o)
    0x08002424   0x0000000c   Code   RO         1483    x$fpl$dretinf       fz_wm.l(dretinf.o)
    0x08002430   0x0000006c   Code   RO         1322    x$fpl$drleqf        fz_wm.l(drleqf.o)
    0x0800249c   0x000001d4   Code   RO         1300    x$fpl$dsub          fz_wm.l(daddsub_clz.o)
    0x08002670   0x0000000a   Code   RO         1550    x$fpl$fpinit        fz_wm.l(fpinit.o)
    0x0800267a   0x00000000   Code   RO         1497    x$fpl$usenofp       fz_wm.l(usenofp.o)
    0x0800267a   0x0000002b   Data   RO          225    .constdata          io.o
    0x080026a5   0x0000074f   Data   RO          722    .constdata          main.o
    0x08002df4   0x00000011   Data   RO         1282    .constdata          c_w.l(__printf_flags_ss_wp.o)
    0x08002e05   0x00000003   PAD
    0x08002e08   0x00000020   Data   RO         1681    Region$$Table       anon$$obj.o


    Execution Region RW_IRAM1 (Base: 0x20000000, Size: 0x00003078, Max: 0x00018000, ABSOLUTE)

    Base Addr    Size         Type   Attr      Idx    E Section Name        Object

    0x20000000   0x00000004   Data   RW          146    .data               system_stm32f4xx.o
    0x20000004   0x00000004   Data   RW          976    .data               stm32f4xx_it.o
    0x20000008   0x00000010   Zero   RW          506    .bss                lcd.o
    0x20000018   0x00000060   Zero   RW         1501    .bss                c_w.l(libspace.o)
    0x20000078   0x00002000   Zero   RW            2    HEAP                startup_stm32f401xe.o
    0x20002078   0x00001000   Zero   RW            1    STACK               startup_stm32f401xe.o


==============================================================================

Image component sizes


      Code (inc. data)   RO Data    RW Data    ZI Data      Debug   Object Name

      2822        190         43          0          0     103287   io.o
      1452         90          0          0         16      86801   lcd.o
       228         38       1871          0          0       2079   main.o
        64         26        404          0      12288        880   startup_stm32f401xe.o
        52         10          0          4          0       5179   stm32f4xx_it.o
         0          0          0          0          0     306600   stm32f4xx_ll_utils.o
       436         30          0          0          0      60674   system_functions.o
       100         18          0          4          0       1239   system_stm32f4xx.o

    ----------------------------------------------------------------------
      5170        402       2350          8      12304     566739   Object Totals
         0          0         32          0          0          0   (incl. Generated)
        16          0          0          0          0          0   (incl. Padding)

    ----------------------------------------------------------------------

      Code (inc. data)   RO Data    RW Data    ZI Data      Debug   Library Member Name

        44          6          0          0          0         84   __2sprintf.o
         8          0          0          0          0         68   __main.o
       392          4         17          0          0         92   __printf_flags_ss_wp.o
        14          0          0          0          0         68   __printf_wp.o
         0          0          0          0          0          0   __rtentry.o
        12          0          0          0          0          0   __rtentry2.o
         6          0          0          0          0          0   __rtentry4.o
        52          8          0          0          0          0   __scatter.o
        26          0          0          0          0          0   __scatter_copy.o
        28          0          0          0          0          0   __scatter_zi.o
        48          6          0          0          0         96   _printf_char_common.o
         6          0          0          0          0          0   _printf_d.o
       120         16          0          0          0         92   _printf_dec.o
       178          0          0          0          0         88   _printf_intcommon.o
        78          0          0          0          0        108   _printf_pad.o
         0          0          0          0          0          0   _printf_percent.o
         4          0          0          0          0          0   _printf_percent_end.o
        10          0          0          0          0         68   _sputc.o
        10          0          0          0          0         68   defsig_exit.o
        50          0          0          0          0         88   defsig_general.o
        80         58          0          0          0         76   defsig_rtmem_inner.o
        14          0          0          0          0         80   defsig_rtmem_outer.o
        18          0          0          0          0         80   exit.o
        94          0          0          0          0         80   h1_alloc.o
        52          0          0          0          0         68   h1_extend.o
        78          0          0          0          0         80   h1_free.o
        14          0          0          0          0         84   h1_init.o
         6          0          0          0          0        152   heapauxi.o
         4          0          0          0          0        136   hguard.o
         0          0          0          0          0          0   indicate_semi.o
       138          0          0          0          0        168   init_alloc.o
         2          0          0          0          0          0   libinit.o
        14          0          0          0          0          0   libinit2.o
         2          0          0          0          0          0   libshutdown.o
         2          0          0          0          0          0   libshutdown2.o
         8          4          0          0         96         68   libspace.o
         0          0          0          0          0          0   maybetermalloc1.o
         8          4          0          0          0         68   rt_heap_descriptor_intlibspace.o
        78          0          0          0          0         80   rt_memclr_w.o
         2          0          0          0          0          0   rtexit.o
        10          0          0          0          0          0   rtexit2.o
        62          0          0          0          0         76   strlen.o
        12          4          0          0          0         68   sys_exit.o
        74          0          0          0          0         80   sys_stackheap_outer.o
        14          0          0          0          0         76   sys_wrch.o
         2          0          0          0          0         68   use_no_semi.o
       804         16          0          0          0        368   daddsub_clz.o
        24          0          0          0          0        116   dcmpi.o
       688        140          0          0          0        256   ddiv.o
        90          4          0          0          0        140   dfixu.o
        38          0          0          0          0        116   dflt_clz.o
       120          4          0          0          0        140   dleqf.o
       340         12          0          0          0        152   dmul.o
       156          4          0          0          0        140   dnaninf.o
        12          0          0          0          0        116   dretinf.o
       108          0          0          0          0        128   drleqf.o
        10          0          0          0          0        116   fpinit.o
         0          0          0          0          0          0   usenofp.o

    ----------------------------------------------------------------------
      4276        290         20          0         96       4296   Library Totals
        12          0          3          0          0          0   (incl. Padding)

    ----------------------------------------------------------------------

      Code (inc. data)   RO Data    RW Data    ZI Data      Debug   Library Name

      1874        110         17          0         96       2508   c_w.l
      2390        180          0          0          0       1788   fz_wm.l

    ----------------------------------------------------------------------
      4276        290         20          0         96       4296   Library Totals

    ----------------------------------------------------------------------

==============================================================================


      Code (inc. data)   RO Data    RW Data    ZI Data      Debug   

      9446        692       2370          8      12400     561883   Grand Totals
      9446        692       2370          8      12400     561883   ELF Image Totals
      9446        692       2370          8          0          0   ROM Totals

==============================================================================

    Total RO  Size (Code + RO Data)                11816 (  11.54kB)
    Total RW  Size (RW Data + ZI Data)             12408 (  12.12kB)
    Total ROM Size (Code + RO Data + RW Data)      11824 (  11.55kB)

==============================================================================

